22:23:40 **** Incremental Build of configuration Debug for project bmp180 ****
make -j8 all 
arm-none-eabi-gcc "../Core/Src/bmp180.c" -mcpu=cortex-m4 -std=gnu11 -g3 -DDEBUG -DUSE_HAL_DRIVER -DSTM32F407xx -c -I../Core/Inc -I../Drivers/STM32F4xx_HAL_Driver/Inc -I../Drivers/STM32F4xx_HAL_Driver/Inc/Legacy -I../Drivers/CMSIS/Device/ST/STM32F4xx/Include -I../Drivers/CMSIS/Include -O0 -ffunction-sections -fdata-sections -Wall -fstack-usage -MMD -MP -MF"Core/Src/bmp180.d" -MT"Core/Src/bmp180.o" --specs=nano.specs -mfpu=fpv4-sp-d16 -mfloat-abi=hard -mthumb -o "Core/Src/bmp180.o"
arm-none-eabi-gcc -o "bmp180.elf" @"objects.list"   -mcpu=cortex-m4 -T"C:\stm32f407projeler\bmp180\STM32F407VGTX_FLASH.ld" --specs=nosys.specs -Wl,-Map="bmp180.map" -Wl,--gc-sections -static --specs=nano.specs -mfpu=fpv4-sp-d16 -mfloat-abi=hard -mthumb -Wl,--start-group -lc -lm -Wl,--end-group
Finished building target: bmp180.elf
 
arm-none-eabi-size   bmp180.elf 
arm-none-eabi-objdump -h -S  bmp180.elf  > "bmp180.list"
arm-none-eabi-objcopy  -O binary  bmp180.elf  "bmp180.bin"
   text	   data	    bss	    dec	    hex	filename
  14272	     20	   1748	  16040	   3ea8	bmp180.elf
Finished building: default.size.stdout
 
Finished building: bmp180.bin
 
Finished building: bmp180.list
 

22:23:41 Build Finished. 0 errors, 0 warnings. (took 909ms)

