18:24:21 **** Build of configuration Debug for project bmp180_sensor_hal ****
make -j8 all 
arm-none-eabi-gcc "../Drivers/STM32F4xx_HAL_Driver/Src/stm32f4xx_hal.c" -mcpu=cortex-m4 -std=gnu11 -g3 -DDEBUG -DUSE_HAL_DRIVER -DSTM32F407xx -c -I../Core/Inc -I../Drivers/STM32F4xx_HAL_Driver/Inc -I../Drivers/STM32F4xx_HAL_Driver/Inc/Legacy -I../Drivers/CMSIS/Device/ST/STM32F4xx/Include -I../Drivers/CMSIS/Include -O0 -ffunction-sections -fdata-sections -Wall -fstack-usage -MMD -MP -MF"Drivers/STM32F4xx_HAL_Driver/Src/stm32f4xx_hal.d" -MT"Drivers/STM32F4xx_HAL_Driver/Src/stm32f4xx_hal.o" --specs=nano.specs -mfpu=fpv4-sp-d16 -mfloat-abi=hard -mthumb -o "Drivers/STM32F4xx_HAL_Driver/Src/stm32f4xx_hal.o"
arm-none-eabi-gcc "../Drivers/STM32F4xx_HAL_Driver/Src/stm32f4xx_hal_cortex.c" -mcpu=cortex-m4 -std=gnu11 -g3 -DDEBUG -DUSE_HAL_DRIVER -DSTM32F407xx -c -I../Core/Inc -I../Drivers/STM32F4xx_HAL_Driver/Inc -I../Drivers/STM32F4xx_HAL_Driver/Inc/Legacy -I../Drivers/CMSIS/Device/ST/STM32F4xx/Include -I../Drivers/CMSIS/Include -O0 -ffunction-sections -fdata-sections -Wall -fstack-usage -MMD -MP -MF"Drivers/STM32F4xx_HAL_Driver/Src/stm32f4xx_hal_cortex.d" -MT"Drivers/STM32F4xx_HAL_Driver/Src/stm32f4xx_hal_cortex.o" --specs=nano.specs -mfpu=fpv4-sp-d16 -mfloat-abi=hard -mthumb -o "Drivers/STM32F4xx_HAL_Driver/Src/stm32f4xx_hal_cortex.o"
arm-none-eabi-gcc "../Drivers/STM32F4xx_HAL_Driver/Src/stm32f4xx_hal_dma.c" -mcpu=cortex-m4 -std=gnu11 -g3 -DDEBUG -DUSE_HAL_DRIVER -DSTM32F407xx -c -I../Core/Inc -I../Drivers/STM32F4xx_HAL_Driver/Inc -I../Drivers/STM32F4xx_HAL_Driver/Inc/Legacy -I../Drivers/CMSIS/Device/ST/STM32F4xx/Include -I../Drivers/CMSIS/Include -O0 -ffunction-sections -fdata-sections -Wall -fstack-usage -MMD -MP -MF"Drivers/STM32F4xx_HAL_Driver/Src/stm32f4xx_hal_dma.d" -MT"Drivers/STM32F4xx_HAL_Driver/Src/stm32f4xx_hal_dma.o" --specs=nano.specs -mfpu=fpv4-sp-d16 -mfloat-abi=hard -mthumb -o "Drivers/STM32F4xx_HAL_Driver/Src/stm32f4xx_hal_dma.o"
arm-none-eabi-gcc "../Drivers/STM32F4xx_HAL_Driver/Src/stm32f4xx_hal_dma_ex.c" -mcpu=cortex-m4 -std=gnu11 -g3 -DDEBUG -DUSE_HAL_DRIVER -DSTM32F407xx -c -I../Core/Inc -I../Drivers/STM32F4xx_HAL_Driver/Inc -I../Drivers/STM32F4xx_HAL_Driver/Inc/Legacy -I../Drivers/CMSIS/Device/ST/STM32F4xx/Include -I../Drivers/CMSIS/Include -O0 -ffunction-sections -fdata-sections -Wall -fstack-usage -MMD -MP -MF"Drivers/STM32F4xx_HAL_Driver/Src/stm32f4xx_hal_dma_ex.d" -MT"Drivers/STM32F4xx_HAL_Driver/Src/stm32f4xx_hal_dma_ex.o" --specs=nano.specs -mfpu=fpv4-sp-d16 -mfloat-abi=hard -mthumb -o "Drivers/STM32F4xx_HAL_Driver/Src/stm32f4xx_hal_dma_ex.o"
arm-none-eabi-gcc "../Drivers/STM32F4xx_HAL_Driver/Src/stm32f4xx_hal_exti.c" -mcpu=cortex-m4 -std=gnu11 -g3 -DDEBUG -DUSE_HAL_DRIVER -DSTM32F407xx -c -I../Core/Inc -I../Drivers/STM32F4xx_HAL_Driver/Inc -I../Drivers/STM32F4xx_HAL_Driver/Inc/Legacy -I../Drivers/CMSIS/Device/ST/STM32F4xx/Include -I../Drivers/CMSIS/Include -O0 -ffunction-sections -fdata-sections -Wall -fstack-usage -MMD -MP -MF"Drivers/STM32F4xx_HAL_Driver/Src/stm32f4xx_hal_exti.d" -MT"Drivers/STM32F4xx_HAL_Driver/Src/stm32f4xx_hal_exti.o" --specs=nano.specs -mfpu=fpv4-sp-d16 -mfloat-abi=hard -mthumb -o "Drivers/STM32F4xx_HAL_Driver/Src/stm32f4xx_hal_exti.o"
arm-none-eabi-gcc "../Drivers/STM32F4xx_HAL_Driver/Src/stm32f4xx_hal_flash.c" -mcpu=cortex-m4 -std=gnu11 -g3 -DDEBUG -DUSE_HAL_DRIVER -DSTM32F407xx -c -I../Core/Inc -I../Drivers/STM32F4xx_HAL_Driver/Inc -I../Drivers/STM32F4xx_HAL_Driver/Inc/Legacy -I../Drivers/CMSIS/Device/ST/STM32F4xx/Include -I../Drivers/CMSIS/Include -O0 -ffunction-sections -fdata-sections -Wall -fstack-usage -MMD -MP -MF"Drivers/STM32F4xx_HAL_Driver/Src/stm32f4xx_hal_flash.d" -MT"Drivers/STM32F4xx_HAL_Driver/Src/stm32f4xx_hal_flash.o" --specs=nano.specs -mfpu=fpv4-sp-d16 -mfloat-abi=hard -mthumb -o "Drivers/STM32F4xx_HAL_Driver/Src/stm32f4xx_hal_flash.o"
arm-none-eabi-gcc "../Drivers/STM32F4xx_HAL_Driver/Src/stm32f4xx_hal_flash_ex.c" -mcpu=cortex-m4 -std=gnu11 -g3 -DDEBUG -DUSE_HAL_DRIVER -DSTM32F407xx -c -I../Core/Inc -I../Drivers/STM32F4xx_HAL_Driver/Inc -I../Drivers/STM32F4xx_HAL_Driver/Inc/Legacy -I../Drivers/CMSIS/Device/ST/STM32F4xx/Include -I../Drivers/CMSIS/Include -O0 -ffunction-sections -fdata-sections -Wall -fstack-usage -MMD -MP -MF"Drivers/STM32F4xx_HAL_Driver/Src/stm32f4xx_hal_flash_ex.d" -MT"Drivers/STM32F4xx_HAL_Driver/Src/stm32f4xx_hal_flash_ex.o" --specs=nano.specs -mfpu=fpv4-sp-d16 -mfloat-abi=hard -mthumb -o "Drivers/STM32F4xx_HAL_Driver/Src/stm32f4xx_hal_flash_ex.o"
arm-none-eabi-gcc "../Drivers/STM32F4xx_HAL_Driver/Src/stm32f4xx_hal_flash_ramfunc.c" -mcpu=cortex-m4 -std=gnu11 -g3 -DDEBUG -DUSE_HAL_DRIVER -DSTM32F407xx -c -I../Core/Inc -I../Drivers/STM32F4xx_HAL_Driver/Inc -I../Drivers/STM32F4xx_HAL_Driver/Inc/Legacy -I../Drivers/CMSIS/Device/ST/STM32F4xx/Include -I../Drivers/CMSIS/Include -O0 -ffunction-sections -fdata-sections -Wall -fstack-usage -MMD -MP -MF"Drivers/STM32F4xx_HAL_Driver/Src/stm32f4xx_hal_flash_ramfunc.d" -MT"Drivers/STM32F4xx_HAL_Driver/Src/stm32f4xx_hal_flash_ramfunc.o" --specs=nano.specs -mfpu=fpv4-sp-d16 -mfloat-abi=hard -mthumb -o "Drivers/STM32F4xx_HAL_Driver/Src/stm32f4xx_hal_flash_ramfunc.o"
arm-none-eabi-gcc "../Drivers/STM32F4xx_HAL_Driver/Src/stm32f4xx_hal_gpio.c" -mcpu=cortex-m4 -std=gnu11 -g3 -DDEBUG -DUSE_HAL_DRIVER -DSTM32F407xx -c -I../Core/Inc -I../Drivers/STM32F4xx_HAL_Driver/Inc -I../Drivers/STM32F4xx_HAL_Driver/Inc/Legacy -I../Drivers/CMSIS/Device/ST/STM32F4xx/Include -I../Drivers/CMSIS/Include -O0 -ffunction-sections -fdata-sections -Wall -fstack-usage -MMD -MP -MF"Drivers/STM32F4xx_HAL_Driver/Src/stm32f4xx_hal_gpio.d" -MT"Drivers/STM32F4xx_HAL_Driver/Src/stm32f4xx_hal_gpio.o" --specs=nano.specs -mfpu=fpv4-sp-d16 -mfloat-abi=hard -mthumb -o "Drivers/STM32F4xx_HAL_Driver/Src/stm32f4xx_hal_gpio.o"
arm-none-eabi-gcc "../Drivers/STM32F4xx_HAL_Driver/Src/stm32f4xx_hal_i2c.c" -mcpu=cortex-m4 -std=gnu11 -g3 -DDEBUG -DUSE_HAL_DRIVER -DSTM32F407xx -c -I../Core/Inc -I../Drivers/STM32F4xx_HAL_Driver/Inc -I../Drivers/STM32F4xx_HAL_Driver/Inc/Legacy -I../Drivers/CMSIS/Device/ST/STM32F4xx/Include -I../Drivers/CMSIS/Include -O0 -ffunction-sections -fdata-sections -Wall -fstack-usage -MMD -MP -MF"Drivers/STM32F4xx_HAL_Driver/Src/stm32f4xx_hal_i2c.d" -MT"Drivers/STM32F4xx_HAL_Driver/Src/stm32f4xx_hal_i2c.o" --specs=nano.specs -mfpu=fpv4-sp-d16 -mfloat-abi=hard -mthumb -o "Drivers/STM32F4xx_HAL_Driver/Src/stm32f4xx_hal_i2c.o"
arm-none-eabi-gcc "../Drivers/STM32F4xx_HAL_Driver/Src/stm32f4xx_hal_i2c_ex.c" -mcpu=cortex-m4 -std=gnu11 -g3 -DDEBUG -DUSE_HAL_DRIVER -DSTM32F407xx -c -I../Core/Inc -I../Drivers/STM32F4xx_HAL_Driver/Inc -I../Drivers/STM32F4xx_HAL_Driver/Inc/Legacy -I../Drivers/CMSIS/Device/ST/STM32F4xx/Include -I../Drivers/CMSIS/Include -O0 -ffunction-sections -fdata-sections -Wall -fstack-usage -MMD -MP -MF"Drivers/STM32F4xx_HAL_Driver/Src/stm32f4xx_hal_i2c_ex.d" -MT"Drivers/STM32F4xx_HAL_Driver/Src/stm32f4xx_hal_i2c_ex.o" --specs=nano.specs -mfpu=fpv4-sp-d16 -mfloat-abi=hard -mthumb -o "Drivers/STM32F4xx_HAL_Driver/Src/stm32f4xx_hal_i2c_ex.o"
arm-none-eabi-gcc "../Drivers/STM32F4xx_HAL_Driver/Src/stm32f4xx_hal_pwr.c" -mcpu=cortex-m4 -std=gnu11 -g3 -DDEBUG -DUSE_HAL_DRIVER -DSTM32F407xx -c -I../Core/Inc -I../Drivers/STM32F4xx_HAL_Driver/Inc -I../Drivers/STM32F4xx_HAL_Driver/Inc/Legacy -I../Drivers/CMSIS/Device/ST/STM32F4xx/Include -I../Drivers/CMSIS/Include -O0 -ffunction-sections -fdata-sections -Wall -fstack-usage -MMD -MP -MF"Drivers/STM32F4xx_HAL_Driver/Src/stm32f4xx_hal_pwr.d" -MT"Drivers/STM32F4xx_HAL_Driver/Src/stm32f4xx_hal_pwr.o" --specs=nano.specs -mfpu=fpv4-sp-d16 -mfloat-abi=hard -mthumb -o "Drivers/STM32F4xx_HAL_Driver/Src/stm32f4xx_hal_pwr.o"
arm-none-eabi-gcc "../Drivers/STM32F4xx_HAL_Driver/Src/stm32f4xx_hal_pwr_ex.c" -mcpu=cortex-m4 -std=gnu11 -g3 -DDEBUG -DUSE_HAL_DRIVER -DSTM32F407xx -c -I../Core/Inc -I../Drivers/STM32F4xx_HAL_Driver/Inc -I../Drivers/STM32F4xx_HAL_Driver/Inc/Legacy -I../Drivers/CMSIS/Device/ST/STM32F4xx/Include -I../Drivers/CMSIS/Include -O0 -ffunction-sections -fdata-sections -Wall -fstack-usage -MMD -MP -MF"Drivers/STM32F4xx_HAL_Driver/Src/stm32f4xx_hal_pwr_ex.d" -MT"Drivers/STM32F4xx_HAL_Driver/Src/stm32f4xx_hal_pwr_ex.o" --specs=nano.specs -mfpu=fpv4-sp-d16 -mfloat-abi=hard -mthumb -o "Drivers/STM32F4xx_HAL_Driver/Src/stm32f4xx_hal_pwr_ex.o"
arm-none-eabi-gcc "../Drivers/STM32F4xx_HAL_Driver/Src/stm32f4xx_hal_rcc.c" -mcpu=cortex-m4 -std=gnu11 -g3 -DDEBUG -DUSE_HAL_DRIVER -DSTM32F407xx -c -I../Core/Inc -I../Drivers/STM32F4xx_HAL_Driver/Inc -I../Drivers/STM32F4xx_HAL_Driver/Inc/Legacy -I../Drivers/CMSIS/Device/ST/STM32F4xx/Include -I../Drivers/CMSIS/Include -O0 -ffunction-sections -fdata-sections -Wall -fstack-usage -MMD -MP -MF"Drivers/STM32F4xx_HAL_Driver/Src/stm32f4xx_hal_rcc.d" -MT"Drivers/STM32F4xx_HAL_Driver/Src/stm32f4xx_hal_rcc.o" --specs=nano.specs -mfpu=fpv4-sp-d16 -mfloat-abi=hard -mthumb -o "Drivers/STM32F4xx_HAL_Driver/Src/stm32f4xx_hal_rcc.o"
arm-none-eabi-gcc "../Drivers/STM32F4xx_HAL_Driver/Src/stm32f4xx_hal_rcc_ex.c" -mcpu=cortex-m4 -std=gnu11 -g3 -DDEBUG -DUSE_HAL_DRIVER -DSTM32F407xx -c -I../Core/Inc -I../Drivers/STM32F4xx_HAL_Driver/Inc -I../Drivers/STM32F4xx_HAL_Driver/Inc/Legacy -I../Drivers/CMSIS/Device/ST/STM32F4xx/Include -I../Drivers/CMSIS/Include -O0 -ffunction-sections -fdata-sections -Wall -fstack-usage -MMD -MP -MF"Drivers/STM32F4xx_HAL_Driver/Src/stm32f4xx_hal_rcc_ex.d" -MT"Drivers/STM32F4xx_HAL_Driver/Src/stm32f4xx_hal_rcc_ex.o" --specs=nano.specs -mfpu=fpv4-sp-d16 -mfloat-abi=hard -mthumb -o "Drivers/STM32F4xx_HAL_Driver/Src/stm32f4xx_hal_rcc_ex.o"
arm-none-eabi-gcc "../Drivers/STM32F4xx_HAL_Driver/Src/stm32f4xx_hal_tim.c" -mcpu=cortex-m4 -std=gnu11 -g3 -DDEBUG -DUSE_HAL_DRIVER -DSTM32F407xx -c -I../Core/Inc -I../Drivers/STM32F4xx_HAL_Driver/Inc -I../Drivers/STM32F4xx_HAL_Driver/Inc/Legacy -I../Drivers/CMSIS/Device/ST/STM32F4xx/Include -I../Drivers/CMSIS/Include -O0 -ffunction-sections -fdata-sections -Wall -fstack-usage -MMD -MP -MF"Drivers/STM32F4xx_HAL_Driver/Src/stm32f4xx_hal_tim.d" -MT"Drivers/STM32F4xx_HAL_Driver/Src/stm32f4xx_hal_tim.o" --specs=nano.specs -mfpu=fpv4-sp-d16 -mfloat-abi=hard -mthumb -o "Drivers/STM32F4xx_HAL_Driver/Src/stm32f4xx_hal_tim.o"
arm-none-eabi-gcc "../Drivers/STM32F4xx_HAL_Driver/Src/stm32f4xx_hal_tim_ex.c" -mcpu=cortex-m4 -std=gnu11 -g3 -DDEBUG -DUSE_HAL_DRIVER -DSTM32F407xx -c -I../Core/Inc -I../Drivers/STM32F4xx_HAL_Driver/Inc -I../Drivers/STM32F4xx_HAL_Driver/Inc/Legacy -I../Drivers/CMSIS/Device/ST/STM32F4xx/Include -I../Drivers/CMSIS/Include -O0 -ffunction-sections -fdata-sections -Wall -fstack-usage -MMD -MP -MF"Drivers/STM32F4xx_HAL_Driver/Src/stm32f4xx_hal_tim_ex.d" -MT"Drivers/STM32F4xx_HAL_Driver/Src/stm32f4xx_hal_tim_ex.o" --specs=nano.specs -mfpu=fpv4-sp-d16 -mfloat-abi=hard -mthumb -o "Drivers/STM32F4xx_HAL_Driver/Src/stm32f4xx_hal_tim_ex.o"
arm-none-eabi-gcc -mcpu=cortex-m4 -g3 -DDEBUG -c -x assembler-with-cpp -MMD -MP -MF"Core/Startup/startup_stm32f407vgtx.d" -MT"Core/Startup/startup_stm32f407vgtx.o" --specs=nano.specs -mfpu=fpv4-sp-d16 -mfloat-abi=hard -mthumb -o "Core/Startup/startup_stm32f407vgtx.o" "../Core/Startup/startup_stm32f407vgtx.s"
arm-none-eabi-gcc "../Core/Src/bmp180.c" -mcpu=cortex-m4 -std=gnu11 -g3 -DDEBUG -DUSE_HAL_DRIVER -DSTM32F407xx -c -I../Core/Inc -I../Drivers/STM32F4xx_HAL_Driver/Inc -I../Drivers/STM32F4xx_HAL_Driver/Inc/Legacy -I../Drivers/CMSIS/Device/ST/STM32F4xx/Include -I../Drivers/CMSIS/Include -O0 -ffunction-sections -fdata-sections -Wall -fstack-usage -MMD -MP -MF"Core/Src/bmp180.d" -MT"Core/Src/bmp180.o" --specs=nano.specs -mfpu=fpv4-sp-d16 -mfloat-abi=hard -mthumb -o "Core/Src/bmp180.o"
arm-none-eabi-gcc "../Core/Src/main.c" -mcpu=cortex-m4 -std=gnu11 -g3 -DDEBUG -DUSE_HAL_DRIVER -DSTM32F407xx -c -I../Core/Inc -I../Drivers/STM32F4xx_HAL_Driver/Inc -I../Drivers/STM32F4xx_HAL_Driver/Inc/Legacy -I../Drivers/CMSIS/Device/ST/STM32F4xx/Include -I../Drivers/CMSIS/Include -O0 -ffunction-sections -fdata-sections -Wall -fstack-usage -MMD -MP -MF"Core/Src/main.d" -MT"Core/Src/main.o" --specs=nano.specs -mfpu=fpv4-sp-d16 -mfloat-abi=hard -mthumb -o "Core/Src/main.o"
arm-none-eabi-gcc "../Core/Src/stm32f4xx_hal_msp.c" -mcpu=cortex-m4 -std=gnu11 -g3 -DDEBUG -DUSE_HAL_DRIVER -DSTM32F407xx -c -I../Core/Inc -I../Drivers/STM32F4xx_HAL_Driver/Inc -I../Drivers/STM32F4xx_HAL_Driver/Inc/Legacy -I../Drivers/CMSIS/Device/ST/STM32F4xx/Include -I../Drivers/CMSIS/Include -O0 -ffunction-sections -fdata-sections -Wall -fstack-usage -MMD -MP -MF"Core/Src/stm32f4xx_hal_msp.d" -MT"Core/Src/stm32f4xx_hal_msp.o" --specs=nano.specs -mfpu=fpv4-sp-d16 -mfloat-abi=hard -mthumb -o "Core/Src/stm32f4xx_hal_msp.o"
arm-none-eabi-gcc "../Core/Src/stm32f4xx_it.c" -mcpu=cortex-m4 -std=gnu11 -g3 -DDEBUG -DUSE_HAL_DRIVER -DSTM32F407xx -c -I../Core/Inc -I../Drivers/STM32F4xx_HAL_Driver/Inc -I../Drivers/STM32F4xx_HAL_Driver/Inc/Legacy -I../Drivers/CMSIS/Device/ST/STM32F4xx/Include -I../Drivers/CMSIS/Include -O0 -ffunction-sections -fdata-sections -Wall -fstack-usage -MMD -MP -MF"Core/Src/stm32f4xx_it.d" -MT"Core/Src/stm32f4xx_it.o" --specs=nano.specs -mfpu=fpv4-sp-d16 -mfloat-abi=hard -mthumb -o "Core/Src/stm32f4xx_it.o"
arm-none-eabi-gcc "../Core/Src/syscalls.c" -mcpu=cortex-m4 -std=gnu11 -g3 -DDEBUG -DUSE_HAL_DRIVER -DSTM32F407xx -c -I../Core/Inc -I../Drivers/STM32F4xx_HAL_Driver/Inc -I../Drivers/STM32F4xx_HAL_Driver/Inc/Legacy -I../Drivers/CMSIS/Device/ST/STM32F4xx/Include -I../Drivers/CMSIS/Include -O0 -ffunction-sections -fdata-sections -Wall -fstack-usage -MMD -MP -MF"Core/Src/syscalls.d" -MT"Core/Src/syscalls.o" --specs=nano.specs -mfpu=fpv4-sp-d16 -mfloat-abi=hard -mthumb -o "Core/Src/syscalls.o"
arm-none-eabi-gcc "../Core/Src/sysmem.c" -mcpu=cortex-m4 -std=gnu11 -g3 -DDEBUG -DUSE_HAL_DRIVER -DSTM32F407xx -c -I../Core/Inc -I../Drivers/STM32F4xx_HAL_Driver/Inc -I../Drivers/STM32F4xx_HAL_Driver/Inc/Legacy -I../Drivers/CMSIS/Device/ST/STM32F4xx/Include -I../Drivers/CMSIS/Include -O0 -ffunction-sections -fdata-sections -Wall -fstack-usage -MMD -MP -MF"Core/Src/sysmem.d" -MT"Core/Src/sysmem.o" --specs=nano.specs -mfpu=fpv4-sp-d16 -mfloat-abi=hard -mthumb -o "Core/Src/sysmem.o"
arm-none-eabi-gcc "../Core/Src/system_stm32f4xx.c" -mcpu=cortex-m4 -std=gnu11 -g3 -DDEBUG -DUSE_HAL_DRIVER -DSTM32F407xx -c -I../Core/Inc -I../Drivers/STM32F4xx_HAL_Driver/Inc -I../Drivers/STM32F4xx_HAL_Driver/Inc/Legacy -I../Drivers/CMSIS/Device/ST/STM32F4xx/Include -I../Drivers/CMSIS/Include -O0 -ffunction-sections -fdata-sections -Wall -fstack-usage -MMD -MP -MF"Core/Src/system_stm32f4xx.d" -MT"Core/Src/system_stm32f4xx.o" --specs=nano.specs -mfpu=fpv4-sp-d16 -mfloat-abi=hard -mthumb -o "Core/Src/system_stm32f4xx.o"
arm-none-eabi-gcc -o "bmp180_sensor_hal.elf" @"objects.list"   -mcpu=cortex-m4 -T"C:\stm32f407projeler\bmp180_sensor_hal\bmp180_sensor_hal\STM32F407VGTX_FLASH.ld" --specs=nosys.specs -Wl,-Map="bmp180_sensor_hal.map" -Wl,--gc-sections -static --specs=nano.specs -mfpu=fpv4-sp-d16 -mfloat-abi=hard -mthumb -Wl,--start-group -lc -lm -Wl,--end-group
Finished building target: bmp180_sensor_hal.elf
 
arm-none-eabi-size   bmp180_sensor_hal.elf 
arm-none-eabi-objdump -h -S  bmp180_sensor_hal.elf  > "bmp180_sensor_hal.list"
arm-none-eabi-objcopy  -O binary  bmp180_sensor_hal.elf  "bmp180_sensor_hal.bin"
   text	   data	    bss	    dec	    hex	filename
   6716	     20	   1652	   8388	   20c4	bmp180_sensor_hal.elf
Finished building: default.size.stdout
 
Finished building: bmp180_sensor_hal.bin
Finished building: bmp180_sensor_hal.list
 
 
18:24:30 **** Incremental Build of configuration Debug for project bmp180_sensor_hal ****
make -j8 all 
arm-none-eabi-gcc "../Core/Src/main.c" -mcpu=cortex-m4 -std=gnu11 -g3 -DDEBUG -DUSE_HAL_DRIVER -DSTM32F407xx -c -I../Core/Inc -I../Drivers/STM32F4xx_HAL_Driver/Inc -I../Drivers/STM32F4xx_HAL_Driver/Inc/Legacy -I../Drivers/CMSIS/Device/ST/STM32F4xx/Include -I../Drivers/CMSIS/Include -O0 -ffunction-sections -fdata-sections -Wall -fstack-usage -MMD -MP -MF"Core/Src/main.d" -MT"Core/Src/main.o" --specs=nano.specs -mfpu=fpv4-sp-d16 -mfloat-abi=hard -mthumb -o "Core/Src/main.o"
arm-none-eabi-gcc -o "bmp180_sensor_hal.elf" @"objects.list"   -mcpu=cortex-m4 -T"C:\stm32f407projeler\bmp180_sensor_hal\bmp180_sensor_hal\STM32F407VGTX_FLASH.ld" --specs=nosys.specs -Wl,-Map="bmp180_sensor_hal.map" -Wl,--gc-sections -static --specs=nano.specs -mfpu=fpv4-sp-d16 -mfloat-abi=hard -mthumb -Wl,--start-group -lc -lm -Wl,--end-group
Finished building target: bmp180_sensor_hal.elf
 
arm-none-eabi-size   bmp180_sensor_hal.elf 
arm-none-eabi-objdump -h -S  bmp180_sensor_hal.elf  > "bmp180_sensor_hal.list"
arm-none-eabi-objcopy  -O binary  bmp180_sensor_hal.elf  "bmp180_sensor_hal.bin"
   text	   data	    bss	    dec	    hex	filename
   6732	     20	   1652	   8404	   20d4	bmp180_sensor_hal.elf
Finished building: default.size.stdout
 
Finished building: bmp180_sensor_hal.bin
 
Finished building: bmp180_sensor_hal.list
 
18:29:42 **** Incremental Build of configuration Debug for project bmp180_sensor_hal ****
make -j8 all 
arm-none-eabi-gcc "../Core/Src/bmp180.c" -mcpu=cortex-m4 -std=gnu11 -g3 -DDEBUG -DUSE_HAL_DRIVER -DSTM32F407xx -c -I../Core/Inc -I../Drivers/STM32F4xx_HAL_Driver/Inc -I../Drivers/STM32F4xx_HAL_Driver/Inc/Legacy -I../Drivers/CMSIS/Device/ST/STM32F4xx/Include -I../Drivers/CMSIS/Include -O0 -ffunction-sections -fdata-sections -Wall -fstack-usage -MMD -MP -MF"Core/Src/bmp180.d" -MT"Core/Src/bmp180.o" --specs=nano.specs -mfpu=fpv4-sp-d16 -mfloat-abi=hard -mthumb -o "Core/Src/bmp180.o"
arm-none-eabi-gcc -o "bmp180_sensor_hal.elf" @"objects.list"   -mcpu=cortex-m4 -T"C:\stm32f407projeler\bmp180_sensor_hal\bmp180_sensor_hal\STM32F407VGTX_FLASH.ld" --specs=nosys.specs -Wl,-Map="bmp180_sensor_hal.map" -Wl,--gc-sections -static --specs=nano.specs -mfpu=fpv4-sp-d16 -mfloat-abi=hard -mthumb -Wl,--start-group -lc -lm -Wl,--end-group
Finished building target: bmp180_sensor_hal.elf
 
arm-none-eabi-size   bmp180_sensor_hal.elf 
arm-none-eabi-objdump -h -S  bmp180_sensor_hal.elf  > "bmp180_sensor_hal.list"
arm-none-eabi-objcopy  -O binary  bmp180_sensor_hal.elf  "bmp180_sensor_hal.bin"
   text	   data	    bss	    dec	    hex	filename
   6732	     20	   1652	   8404	   20d4	bmp180_sensor_hal.elf
Finished building: default.size.stdout
 
Finished building: bmp180_sensor_hal.bin
 
Finished building: bmp180_sensor_hal.list
 
18:35:38 **** Incremental Build of configuration Debug for project bmp180_sensor_hal ****
make -j8 all 
arm-none-eabi-gcc "../Core/Src/bmp180.c" -mcpu=cortex-m4 -std=gnu11 -g3 -DDEBUG -DUSE_HAL_DRIVER -DSTM32F407xx -c -I../Core/Inc -I../Drivers/STM32F4xx_HAL_Driver/Inc -I../Drivers/STM32F4xx_HAL_Driver/Inc/Legacy -I../Drivers/CMSIS/Device/ST/STM32F4xx/Include -I../Drivers/CMSIS/Include -O0 -ffunction-sections -fdata-sections -Wall -fstack-usage -MMD -MP -MF"Core/Src/bmp180.d" -MT"Core/Src/bmp180.o" --specs=nano.specs -mfpu=fpv4-sp-d16 -mfloat-abi=hard -mthumb -o "Core/Src/bmp180.o"
arm-none-eabi-gcc "../Core/Src/main.c" -mcpu=cortex-m4 -std=gnu11 -g3 -DDEBUG -DUSE_HAL_DRIVER -DSTM32F407xx -c -I../Core/Inc -I../Drivers/STM32F4xx_HAL_Driver/Inc -I../Drivers/STM32F4xx_HAL_Driver/Inc/Legacy -I../Drivers/CMSIS/Device/ST/STM32F4xx/Include -I../Drivers/CMSIS/Include -O0 -ffunction-sections -fdata-sections -Wall -fstack-usage -MMD -MP -MF"Core/Src/main.d" -MT"Core/Src/main.o" --specs=nano.specs -mfpu=fpv4-sp-d16 -mfloat-abi=hard -mthumb -o "Core/Src/main.o"
arm-none-eabi-gcc -o "bmp180_sensor_hal.elf" @"objects.list"   -mcpu=cortex-m4 -T"C:\stm32f407projeler\bmp180_sensor_hal\bmp180_sensor_hal\STM32F407VGTX_FLASH.ld" --specs=nosys.specs -Wl,-Map="bmp180_sensor_hal.map" -Wl,--gc-sections -static --specs=nano.specs -mfpu=fpv4-sp-d16 -mfloat-abi=hard -mthumb -Wl,--start-group -lc -lm -Wl,--end-group
Finished building target: bmp180_sensor_hal.elf
 
arm-none-eabi-size   bmp180_sensor_hal.elf 
arm-none-eabi-objdump -h -S  bmp180_sensor_hal.elf  > "bmp180_sensor_hal.list"
arm-none-eabi-objcopy  -O binary  bmp180_sensor_hal.elf  "bmp180_sensor_hal.bin"
   text	   data	    bss	    dec	    hex	filename
   7552	     20	   1652	   9224	   2408	bmp180_sensor_hal.elf
Finished building: default.size.stdout
 
Finished building: bmp180_sensor_hal.bin
 
Finished building: bmp180_sensor_hal.list
 
18:38:43 **** Incremental Build of configuration Debug for project bmp180_sensor_hal ****
make -j8 all 
arm-none-eabi-size   bmp180_sensor_hal.elf 
   text	   data	    bss	    dec	    hex	filename
   7552	     20	   1652	   9224	   2408	bmp180_sensor_hal.elf
Finished building: default.size.stdout
 
18:38:56 **** Incremental Build of configuration Debug for project bmp180_sensor_hal ****
make -j8 all 
arm-none-eabi-size   bmp180_sensor_hal.elf 
   text	   data	    bss	    dec	    hex	filename
   7552	     20	   1652	   9224	   2408	bmp180_sensor_hal.elf
Finished building: default.size.stdout
 
18:41:28 **** Incremental Build of configuration Debug for project bmp180_sensor_hal ****
make -j8 all 
arm-none-eabi-gcc "../Drivers/STM32F4xx_HAL_Driver/Src/stm32f4xx_hal.c" -mcpu=cortex-m4 -std=gnu11 -g3 -DDEBUG -DUSE_HAL_DRIVER -DSTM32F407xx -c -I../Core/Inc -I../Drivers/STM32F4xx_HAL_Driver/Inc -I../Drivers/STM32F4xx_HAL_Driver/Inc/Legacy -I../Drivers/CMSIS/Device/ST/STM32F4xx/Include -I../Drivers/CMSIS/Include -O0 -ffunction-sections -fdata-sections -Wall -fstack-usage -MMD -MP -MF"Drivers/STM32F4xx_HAL_Driver/Src/stm32f4xx_hal.d" -MT"Drivers/STM32F4xx_HAL_Driver/Src/stm32f4xx_hal.o" --specs=nano.specs -mfpu=fpv4-sp-d16 -mfloat-abi=hard -mthumb -o "Drivers/STM32F4xx_HAL_Driver/Src/stm32f4xx_hal.o"
arm-none-eabi-gcc "../Drivers/STM32F4xx_HAL_Driver/Src/stm32f4xx_hal_cortex.c" -mcpu=cortex-m4 -std=gnu11 -g3 -DDEBUG -DUSE_HAL_DRIVER -DSTM32F407xx -c -I../Core/Inc -I../Drivers/STM32F4xx_HAL_Driver/Inc -I../Drivers/STM32F4xx_HAL_Driver/Inc/Legacy -I../Drivers/CMSIS/Device/ST/STM32F4xx/Include -I../Drivers/CMSIS/Include -O0 -ffunction-sections -fdata-sections -Wall -fstack-usage -MMD -MP -MF"Drivers/STM32F4xx_HAL_Driver/Src/stm32f4xx_hal_cortex.d" -MT"Drivers/STM32F4xx_HAL_Driver/Src/stm32f4xx_hal_cortex.o" --specs=nano.specs -mfpu=fpv4-sp-d16 -mfloat-abi=hard -mthumb -o "Drivers/STM32F4xx_HAL_Driver/Src/stm32f4xx_hal_cortex.o"
arm-none-eabi-gcc "../Drivers/STM32F4xx_HAL_Driver/Src/stm32f4xx_hal_dma.c" -mcpu=cortex-m4 -std=gnu11 -g3 -DDEBUG -DUSE_HAL_DRIVER -DSTM32F407xx -c -I../Core/Inc -I../Drivers/STM32F4xx_HAL_Driver/Inc -I../Drivers/STM32F4xx_HAL_Driver/Inc/Legacy -I../Drivers/CMSIS/Device/ST/STM32F4xx/Include -I../Drivers/CMSIS/Include -O0 -ffunction-sections -fdata-sections -Wall -fstack-usage -MMD -MP -MF"Drivers/STM32F4xx_HAL_Driver/Src/stm32f4xx_hal_dma.d" -MT"Drivers/STM32F4xx_HAL_Driver/Src/stm32f4xx_hal_dma.o" --specs=nano.specs -mfpu=fpv4-sp-d16 -mfloat-abi=hard -mthumb -o "Drivers/STM32F4xx_HAL_Driver/Src/stm32f4xx_hal_dma.o"
arm-none-eabi-gcc "../Drivers/STM32F4xx_HAL_Driver/Src/stm32f4xx_hal_dma_ex.c" -mcpu=cortex-m4 -std=gnu11 -g3 -DDEBUG -DUSE_HAL_DRIVER -DSTM32F407xx -c -I../Core/Inc -I../Drivers/STM32F4xx_HAL_Driver/Inc -I../Drivers/STM32F4xx_HAL_Driver/Inc/Legacy -I../Drivers/CMSIS/Device/ST/STM32F4xx/Include -I../Drivers/CMSIS/Include -O0 -ffunction-sections -fdata-sections -Wall -fstack-usage -MMD -MP -MF"Drivers/STM32F4xx_HAL_Driver/Src/stm32f4xx_hal_dma_ex.d" -MT"Drivers/STM32F4xx_HAL_Driver/Src/stm32f4xx_hal_dma_ex.o" --specs=nano.specs -mfpu=fpv4-sp-d16 -mfloat-abi=hard -mthumb -o "Drivers/STM32F4xx_HAL_Driver/Src/stm32f4xx_hal_dma_ex.o"
arm-none-eabi-gcc "../Drivers/STM32F4xx_HAL_Driver/Src/stm32f4xx_hal_exti.c" -mcpu=cortex-m4 -std=gnu11 -g3 -DDEBUG -DUSE_HAL_DRIVER -DSTM32F407xx -c -I../Core/Inc -I../Drivers/STM32F4xx_HAL_Driver/Inc -I../Drivers/STM32F4xx_HAL_Driver/Inc/Legacy -I../Drivers/CMSIS/Device/ST/STM32F4xx/Include -I../Drivers/CMSIS/Include -O0 -ffunction-sections -fdata-sections -Wall -fstack-usage -MMD -MP -MF"Drivers/STM32F4xx_HAL_Driver/Src/stm32f4xx_hal_exti.d" -MT"Drivers/STM32F4xx_HAL_Driver/Src/stm32f4xx_hal_exti.o" --specs=nano.specs -mfpu=fpv4-sp-d16 -mfloat-abi=hard -mthumb -o "Drivers/STM32F4xx_HAL_Driver/Src/stm32f4xx_hal_exti.o"
arm-none-eabi-gcc "../Drivers/STM32F4xx_HAL_Driver/Src/stm32f4xx_hal_flash.c" -mcpu=cortex-m4 -std=gnu11 -g3 -DDEBUG -DUSE_HAL_DRIVER -DSTM32F407xx -c -I../Core/Inc -I../Drivers/STM32F4xx_HAL_Driver/Inc -I../Drivers/STM32F4xx_HAL_Driver/Inc/Legacy -I../Drivers/CMSIS/Device/ST/STM32F4xx/Include -I../Drivers/CMSIS/Include -O0 -ffunction-sections -fdata-sections -Wall -fstack-usage -MMD -MP -MF"Drivers/STM32F4xx_HAL_Driver/Src/stm32f4xx_hal_flash.d" -MT"Drivers/STM32F4xx_HAL_Driver/Src/stm32f4xx_hal_flash.o" --specs=nano.specs -mfpu=fpv4-sp-d16 -mfloat-abi=hard -mthumb -o "Drivers/STM32F4xx_HAL_Driver/Src/stm32f4xx_hal_flash.o"
arm-none-eabi-gcc "../Drivers/STM32F4xx_HAL_Driver/Src/stm32f4xx_hal_flash_ex.c" -mcpu=cortex-m4 -std=gnu11 -g3 -DDEBUG -DUSE_HAL_DRIVER -DSTM32F407xx -c -I../Core/Inc -I../Drivers/STM32F4xx_HAL_Driver/Inc -I../Drivers/STM32F4xx_HAL_Driver/Inc/Legacy -I../Drivers/CMSIS/Device/ST/STM32F4xx/Include -I../Drivers/CMSIS/Include -O0 -ffunction-sections -fdata-sections -Wall -fstack-usage -MMD -MP -MF"Drivers/STM32F4xx_HAL_Driver/Src/stm32f4xx_hal_flash_ex.d" -MT"Drivers/STM32F4xx_HAL_Driver/Src/stm32f4xx_hal_flash_ex.o" --specs=nano.specs -mfpu=fpv4-sp-d16 -mfloat-abi=hard -mthumb -o "Drivers/STM32F4xx_HAL_Driver/Src/stm32f4xx_hal_flash_ex.o"
arm-none-eabi-gcc "../Drivers/STM32F4xx_HAL_Driver/Src/stm32f4xx_hal_flash_ramfunc.c" -mcpu=cortex-m4 -std=gnu11 -g3 -DDEBUG -DUSE_HAL_DRIVER -DSTM32F407xx -c -I../Core/Inc -I../Drivers/STM32F4xx_HAL_Driver/Inc -I../Drivers/STM32F4xx_HAL_Driver/Inc/Legacy -I../Drivers/CMSIS/Device/ST/STM32F4xx/Include -I../Drivers/CMSIS/Include -O0 -ffunction-sections -fdata-sections -Wall -fstack-usage -MMD -MP -MF"Drivers/STM32F4xx_HAL_Driver/Src/stm32f4xx_hal_flash_ramfunc.d" -MT"Drivers/STM32F4xx_HAL_Driver/Src/stm32f4xx_hal_flash_ramfunc.o" --specs=nano.specs -mfpu=fpv4-sp-d16 -mfloat-abi=hard -mthumb -o "Drivers/STM32F4xx_HAL_Driver/Src/stm32f4xx_hal_flash_ramfunc.o"
arm-none-eabi-gcc "../Drivers/STM32F4xx_HAL_Driver/Src/stm32f4xx_hal_gpio.c" -mcpu=cortex-m4 -std=gnu11 -g3 -DDEBUG -DUSE_HAL_DRIVER -DSTM32F407xx -c -I../Core/Inc -I../Drivers/STM32F4xx_HAL_Driver/Inc -I../Drivers/STM32F4xx_HAL_Driver/Inc/Legacy -I../Drivers/CMSIS/Device/ST/STM32F4xx/Include -I../Drivers/CMSIS/Include -O0 -ffunction-sections -fdata-sections -Wall -fstack-usage -MMD -MP -MF"Drivers/STM32F4xx_HAL_Driver/Src/stm32f4xx_hal_gpio.d" -MT"Drivers/STM32F4xx_HAL_Driver/Src/stm32f4xx_hal_gpio.o" --specs=nano.specs -mfpu=fpv4-sp-d16 -mfloat-abi=hard -mthumb -o "Drivers/STM32F4xx_HAL_Driver/Src/stm32f4xx_hal_gpio.o"
arm-none-eabi-gcc "../Drivers/STM32F4xx_HAL_Driver/Src/stm32f4xx_hal_i2c.c" -mcpu=cortex-m4 -std=gnu11 -g3 -DDEBUG -DUSE_HAL_DRIVER -DSTM32F407xx -c -I../Core/Inc -I../Drivers/STM32F4xx_HAL_Driver/Inc -I../Drivers/STM32F4xx_HAL_Driver/Inc/Legacy -I../Drivers/CMSIS/Device/ST/STM32F4xx/Include -I../Drivers/CMSIS/Include -O0 -ffunction-sections -fdata-sections -Wall -fstack-usage -MMD -MP -MF"Drivers/STM32F4xx_HAL_Driver/Src/stm32f4xx_hal_i2c.d" -MT"Drivers/STM32F4xx_HAL_Driver/Src/stm32f4xx_hal_i2c.o" --specs=nano.specs -mfpu=fpv4-sp-d16 -mfloat-abi=hard -mthumb -o "Drivers/STM32F4xx_HAL_Driver/Src/stm32f4xx_hal_i2c.o"
arm-none-eabi-gcc "../Drivers/STM32F4xx_HAL_Driver/Src/stm32f4xx_hal_i2c_ex.c" -mcpu=cortex-m4 -std=gnu11 -g3 -DDEBUG -DUSE_HAL_DRIVER -DSTM32F407xx -c -I../Core/Inc -I../Drivers/STM32F4xx_HAL_Driver/Inc -I../Drivers/STM32F4xx_HAL_Driver/Inc/Legacy -I../Drivers/CMSIS/Device/ST/STM32F4xx/Include -I../Drivers/CMSIS/Include -O0 -ffunction-sections -fdata-sections -Wall -fstack-usage -MMD -MP -MF"Drivers/STM32F4xx_HAL_Driver/Src/stm32f4xx_hal_i2c_ex.d" -MT"Drivers/STM32F4xx_HAL_Driver/Src/stm32f4xx_hal_i2c_ex.o" --specs=nano.specs -mfpu=fpv4-sp-d16 -mfloat-abi=hard -mthumb -o "Drivers/STM32F4xx_HAL_Driver/Src/stm32f4xx_hal_i2c_ex.o"
arm-none-eabi-gcc "../Drivers/STM32F4xx_HAL_Driver/Src/stm32f4xx_hal_pwr.c" -mcpu=cortex-m4 -std=gnu11 -g3 -DDEBUG -DUSE_HAL_DRIVER -DSTM32F407xx -c -I../Core/Inc -I../Drivers/STM32F4xx_HAL_Driver/Inc -I../Drivers/STM32F4xx_HAL_Driver/Inc/Legacy -I../Drivers/CMSIS/Device/ST/STM32F4xx/Include -I../Drivers/CMSIS/Include -O0 -ffunction-sections -fdata-sections -Wall -fstack-usage -MMD -MP -MF"Drivers/STM32F4xx_HAL_Driver/Src/stm32f4xx_hal_pwr.d" -MT"Drivers/STM32F4xx_HAL_Driver/Src/stm32f4xx_hal_pwr.o" --specs=nano.specs -mfpu=fpv4-sp-d16 -mfloat-abi=hard -mthumb -o "Drivers/STM32F4xx_HAL_Driver/Src/stm32f4xx_hal_pwr.o"
arm-none-eabi-gcc "../Drivers/STM32F4xx_HAL_Driver/Src/stm32f4xx_hal_pwr_ex.c" -mcpu=cortex-m4 -std=gnu11 -g3 -DDEBUG -DUSE_HAL_DRIVER -DSTM32F407xx -c -I../Core/Inc -I../Drivers/STM32F4xx_HAL_Driver/Inc -I../Drivers/STM32F4xx_HAL_Driver/Inc/Legacy -I../Drivers/CMSIS/Device/ST/STM32F4xx/Include -I../Drivers/CMSIS/Include -O0 -ffunction-sections -fdata-sections -Wall -fstack-usage -MMD -MP -MF"Drivers/STM32F4xx_HAL_Driver/Src/stm32f4xx_hal_pwr_ex.d" -MT"Drivers/STM32F4xx_HAL_Driver/Src/stm32f4xx_hal_pwr_ex.o" --specs=nano.specs -mfpu=fpv4-sp-d16 -mfloat-abi=hard -mthumb -o "Drivers/STM32F4xx_HAL_Driver/Src/stm32f4xx_hal_pwr_ex.o"
arm-none-eabi-gcc "../Drivers/STM32F4xx_HAL_Driver/Src/stm32f4xx_hal_rcc.c" -mcpu=cortex-m4 -std=gnu11 -g3 -DDEBUG -DUSE_HAL_DRIVER -DSTM32F407xx -c -I../Core/Inc -I../Drivers/STM32F4xx_HAL_Driver/Inc -I../Drivers/STM32F4xx_HAL_Driver/Inc/Legacy -I../Drivers/CMSIS/Device/ST/STM32F4xx/Include -I../Drivers/CMSIS/Include -O0 -ffunction-sections -fdata-sections -Wall -fstack-usage -MMD -MP -MF"Drivers/STM32F4xx_HAL_Driver/Src/stm32f4xx_hal_rcc.d" -MT"Drivers/STM32F4xx_HAL_Driver/Src/stm32f4xx_hal_rcc.o" --specs=nano.specs -mfpu=fpv4-sp-d16 -mfloat-abi=hard -mthumb -o "Drivers/STM32F4xx_HAL_Driver/Src/stm32f4xx_hal_rcc.o"
arm-none-eabi-gcc "../Drivers/STM32F4xx_HAL_Driver/Src/stm32f4xx_hal_rcc_ex.c" -mcpu=cortex-m4 -std=gnu11 -g3 -DDEBUG -DUSE_HAL_DRIVER -DSTM32F407xx -c -I../Core/Inc -I../Drivers/STM32F4xx_HAL_Driver/Inc -I../Drivers/STM32F4xx_HAL_Driver/Inc/Legacy -I../Drivers/CMSIS/Device/ST/STM32F4xx/Include -I../Drivers/CMSIS/Include -O0 -ffunction-sections -fdata-sections -Wall -fstack-usage -MMD -MP -MF"Drivers/STM32F4xx_HAL_Driver/Src/stm32f4xx_hal_rcc_ex.d" -MT"Drivers/STM32F4xx_HAL_Driver/Src/stm32f4xx_hal_rcc_ex.o" --specs=nano.specs -mfpu=fpv4-sp-d16 -mfloat-abi=hard -mthumb -o "Drivers/STM32F4xx_HAL_Driver/Src/stm32f4xx_hal_rcc_ex.o"
arm-none-eabi-gcc "../Drivers/STM32F4xx_HAL_Driver/Src/stm32f4xx_hal_tim.c" -mcpu=cortex-m4 -std=gnu11 -g3 -DDEBUG -DUSE_HAL_DRIVER -DSTM32F407xx -c -I../Core/Inc -I../Drivers/STM32F4xx_HAL_Driver/Inc -I../Drivers/STM32F4xx_HAL_Driver/Inc/Legacy -I../Drivers/CMSIS/Device/ST/STM32F4xx/Include -I../Drivers/CMSIS/Include -O0 -ffunction-sections -fdata-sections -Wall -fstack-usage -MMD -MP -MF"Drivers/STM32F4xx_HAL_Driver/Src/stm32f4xx_hal_tim.d" -MT"Drivers/STM32F4xx_HAL_Driver/Src/stm32f4xx_hal_tim.o" --specs=nano.specs -mfpu=fpv4-sp-d16 -mfloat-abi=hard -mthumb -o "Drivers/STM32F4xx_HAL_Driver/Src/stm32f4xx_hal_tim.o"
arm-none-eabi-gcc "../Drivers/STM32F4xx_HAL_Driver/Src/stm32f4xx_hal_tim_ex.c" -mcpu=cortex-m4 -std=gnu11 -g3 -DDEBUG -DUSE_HAL_DRIVER -DSTM32F407xx -c -I../Core/Inc -I../Drivers/STM32F4xx_HAL_Driver/Inc -I../Drivers/STM32F4xx_HAL_Driver/Inc/Legacy -I../Drivers/CMSIS/Device/ST/STM32F4xx/Include -I../Drivers/CMSIS/Include -O0 -ffunction-sections -fdata-sections -Wall -fstack-usage -MMD -MP -MF"Drivers/STM32F4xx_HAL_Driver/Src/stm32f4xx_hal_tim_ex.d" -MT"Drivers/STM32F4xx_HAL_Driver/Src/stm32f4xx_hal_tim_ex.o" --specs=nano.specs -mfpu=fpv4-sp-d16 -mfloat-abi=hard -mthumb -o "Drivers/STM32F4xx_HAL_Driver/Src/stm32f4xx_hal_tim_ex.o"
arm-none-eabi-gcc "../Core/Src/bmp180.c" -mcpu=cortex-m4 -std=gnu11 -g3 -DDEBUG -DUSE_HAL_DRIVER -DSTM32F407xx -c -I../Core/Inc -I../Drivers/STM32F4xx_HAL_Driver/Inc -I../Drivers/STM32F4xx_HAL_Driver/Inc/Legacy -I../Drivers/CMSIS/Device/ST/STM32F4xx/Include -I../Drivers/CMSIS/Include -O0 -ffunction-sections -fdata-sections -Wall -fstack-usage -MMD -MP -MF"Core/Src/bmp180.d" -MT"Core/Src/bmp180.o" --specs=nano.specs -mfpu=fpv4-sp-d16 -mfloat-abi=hard -mthumb -o "Core/Src/bmp180.o"
arm-none-eabi-gcc "../Core/Src/main.c" -mcpu=cortex-m4 -std=gnu11 -g3 -DDEBUG -DUSE_HAL_DRIVER -DSTM32F407xx -c -I../Core/Inc -I../Drivers/STM32F4xx_HAL_Driver/Inc -I../Drivers/STM32F4xx_HAL_Driver/Inc/Legacy -I../Drivers/CMSIS/Device/ST/STM32F4xx/Include -I../Drivers/CMSIS/Include -O0 -ffunction-sections -fdata-sections -Wall -fstack-usage -MMD -MP -MF"Core/Src/main.d" -MT"Core/Src/main.o" --specs=nano.specs -mfpu=fpv4-sp-d16 -mfloat-abi=hard -mthumb -o "Core/Src/main.o"
arm-none-eabi-gcc "../Core/Src/stm32f4xx_hal_msp.c" -mcpu=cortex-m4 -std=gnu11 -g3 -DDEBUG -DUSE_HAL_DRIVER -DSTM32F407xx -c -I../Core/Inc -I../Drivers/STM32F4xx_HAL_Driver/Inc -I../Drivers/STM32F4xx_HAL_Driver/Inc/Legacy -I../Drivers/CMSIS/Device/ST/STM32F4xx/Include -I../Drivers/CMSIS/Include -O0 -ffunction-sections -fdata-sections -Wall -fstack-usage -MMD -MP -MF"Core/Src/stm32f4xx_hal_msp.d" -MT"Core/Src/stm32f4xx_hal_msp.o" --specs=nano.specs -mfpu=fpv4-sp-d16 -mfloat-abi=hard -mthumb -o "Core/Src/stm32f4xx_hal_msp.o"
arm-none-eabi-gcc "../Core/Src/stm32f4xx_it.c" -mcpu=cortex-m4 -std=gnu11 -g3 -DDEBUG -DUSE_HAL_DRIVER -DSTM32F407xx -c -I../Core/Inc -I../Drivers/STM32F4xx_HAL_Driver/Inc -I../Drivers/STM32F4xx_HAL_Driver/Inc/Legacy -I../Drivers/CMSIS/Device/ST/STM32F4xx/Include -I../Drivers/CMSIS/Include -O0 -ffunction-sections -fdata-sections -Wall -fstack-usage -MMD -MP -MF"Core/Src/stm32f4xx_it.d" -MT"Core/Src/stm32f4xx_it.o" --specs=nano.specs -mfpu=fpv4-sp-d16 -mfloat-abi=hard -mthumb -o "Core/Src/stm32f4xx_it.o"
arm-none-eabi-gcc "../Core/Src/system_stm32f4xx.c" -mcpu=cortex-m4 -std=gnu11 -g3 -DDEBUG -DUSE_HAL_DRIVER -DSTM32F407xx -c -I../Core/Inc -I../Drivers/STM32F4xx_HAL_Driver/Inc -I../Drivers/STM32F4xx_HAL_Driver/Inc/Legacy -I../Drivers/CMSIS/Device/ST/STM32F4xx/Include -I../Drivers/CMSIS/Include -O0 -ffunction-sections -fdata-sections -Wall -fstack-usage -MMD -MP -MF"Core/Src/system_stm32f4xx.d" -MT"Core/Src/system_stm32f4xx.o" --specs=nano.specs -mfpu=fpv4-sp-d16 -mfloat-abi=hard -mthumb -o "Core/Src/system_stm32f4xx.o"
arm-none-eabi-gcc -o "bmp180_sensor_hal.elf" @"objects.list"   -mcpu=cortex-m4 -T"C:\stm32f407projeler\bmp180_sensor_hal\bmp180_sensor_hal\STM32F407VGTX_FLASH.ld" --specs=nosys.specs -Wl,-Map="bmp180_sensor_hal.map" -Wl,--gc-sections -static --specs=nano.specs -mfpu=fpv4-sp-d16 -mfloat-abi=hard -mthumb -Wl,--start-group -lc -lm -Wl,--end-group
Finished building target: bmp180_sensor_hal.elf
 
arm-none-eabi-size   bmp180_sensor_hal.elf 
arm-none-eabi-objdump -h -S  bmp180_sensor_hal.elf  > "bmp180_sensor_hal.list"
arm-none-eabi-objcopy  -O binary  bmp180_sensor_hal.elf  "bmp180_sensor_hal.bin"
   text	   data	    bss	    dec	    hex	filename
   7752	     20	   1740	   9512	   2528	bmp180_sensor_hal.elf
Finished building: default.size.stdout
 
Finished building: bmp180_sensor_hal.bin
 
Finished building: bmp180_sensor_hal.list
 
18:41:45 **** Incremental Build of configuration Debug for project bmp180_sensor_hal ****
make -j8 all 
arm-none-eabi-size   bmp180_sensor_hal.elf 
   text	   data	    bss	    dec	    hex	filename
   7752	     20	   1740	   9512	   2528	bmp180_sensor_hal.elf
Finished building: default.size.stdout
 
18:43:45 **** Incremental Build of configuration Debug for project bmp180_sensor_hal ****
make -j8 all 
arm-none-eabi-gcc "../Core/Src/bmp180.c" -mcpu=cortex-m4 -std=gnu11 -g3 -DDEBUG -DUSE_HAL_DRIVER -DSTM32F407xx -c -I../Core/Inc -I../Drivers/STM32F4xx_HAL_Driver/Inc -I../Drivers/STM32F4xx_HAL_Driver/Inc/Legacy -I../Drivers/CMSIS/Device/ST/STM32F4xx/Include -I../Drivers/CMSIS/Include -O0 -ffunction-sections -fdata-sections -Wall -fstack-usage -MMD -MP -MF"Core/Src/bmp180.d" -MT"Core/Src/bmp180.o" --specs=nano.specs -mfpu=fpv4-sp-d16 -mfloat-abi=hard -mthumb -o "Core/Src/bmp180.o"
arm-none-eabi-gcc -o "bmp180_sensor_hal.elf" @"objects.list"   -mcpu=cortex-m4 -T"C:\stm32f407projeler\bmp180_sensor_hal\bmp180_sensor_hal\STM32F407VGTX_FLASH.ld" --specs=nosys.specs -Wl,-Map="bmp180_sensor_hal.map" -Wl,--gc-sections -static --specs=nano.specs -mfpu=fpv4-sp-d16 -mfloat-abi=hard -mthumb -Wl,--start-group -lc -lm -Wl,--end-group
Finished building target: bmp180_sensor_hal.elf
 
arm-none-eabi-size   bmp180_sensor_hal.elf 
arm-none-eabi-objdump -h -S  bmp180_sensor_hal.elf  > "bmp180_sensor_hal.list"
arm-none-eabi-objcopy  -O binary  bmp180_sensor_hal.elf  "bmp180_sensor_hal.bin"
   text	   data	    bss	    dec	    hex	filename
   7852	     20	   1740	   9612	   258c	bmp180_sensor_hal.elf
Finished building: default.size.stdout
 
Finished building: bmp180_sensor_hal.bin
 
Finished building: bmp180_sensor_hal.list
 
18:44:33 **** Incremental Build of configuration Debug for project bmp180_sensor_hal ****
make -j8 all 
arm-none-eabi-gcc "../Core/Src/main.c" -mcpu=cortex-m4 -std=gnu11 -g3 -DDEBUG -DUSE_HAL_DRIVER -DSTM32F407xx -c -I../Core/Inc -I../Drivers/STM32F4xx_HAL_Driver/Inc -I../Drivers/STM32F4xx_HAL_Driver/Inc/Legacy -I../Drivers/CMSIS/Device/ST/STM32F4xx/Include -I../Drivers/CMSIS/Include -O0 -ffunction-sections -fdata-sections -Wall -fstack-usage -MMD -MP -MF"Core/Src/main.d" -MT"Core/Src/main.o" --specs=nano.specs -mfpu=fpv4-sp-d16 -mfloat-abi=hard -mthumb -o "Core/Src/main.o"
arm-none-eabi-gcc -o "bmp180_sensor_hal.elf" @"objects.list"   -mcpu=cortex-m4 -T"C:\stm32f407projeler\bmp180_sensor_hal\bmp180_sensor_hal\STM32F407VGTX_FLASH.ld" --specs=nosys.specs -Wl,-Map="bmp180_sensor_hal.map" -Wl,--gc-sections -static --specs=nano.specs -mfpu=fpv4-sp-d16 -mfloat-abi=hard -mthumb -Wl,--start-group -lc -lm -Wl,--end-group
Finished building target: bmp180_sensor_hal.elf
 
arm-none-eabi-size   bmp180_sensor_hal.elf 
arm-none-eabi-objdump -h -S  bmp180_sensor_hal.elf  > "bmp180_sensor_hal.list"
arm-none-eabi-objcopy  -O binary  bmp180_sensor_hal.elf  "bmp180_sensor_hal.bin"
   text	   data	    bss	    dec	    hex	filename
   7852	     20	   1740	   9612	   258c	bmp180_sensor_hal.elf
Finished building: default.size.stdout
 
Finished building: bmp180_sensor_hal.bin
 
Finished building: bmp180_sensor_hal.list
 
18:59:21 **** Incremental Build of configuration Debug for project bmp180_sensor_hal ****
make -j8 all 
arm-none-eabi-gcc "../Drivers/STM32F4xx_HAL_Driver/Src/stm32f4xx_hal.c" -mcpu=cortex-m4 -std=gnu11 -g3 -DDEBUG -DUSE_HAL_DRIVER -DSTM32F407xx -c -I../Core/Inc -I../Drivers/STM32F4xx_HAL_Driver/Inc -I../Drivers/STM32F4xx_HAL_Driver/Inc/Legacy -I../Drivers/CMSIS/Device/ST/STM32F4xx/Include -I../Drivers/CMSIS/Include -O0 -ffunction-sections -fdata-sections -Wall -fstack-usage -MMD -MP -MF"Drivers/STM32F4xx_HAL_Driver/Src/stm32f4xx_hal.d" -MT"Drivers/STM32F4xx_HAL_Driver/Src/stm32f4xx_hal.o" --specs=nano.specs -mfpu=fpv4-sp-d16 -mfloat-abi=hard -mthumb -o "Drivers/STM32F4xx_HAL_Driver/Src/stm32f4xx_hal.o"
arm-none-eabi-gcc "../Drivers/STM32F4xx_HAL_Driver/Src/stm32f4xx_hal_cortex.c" -mcpu=cortex-m4 -std=gnu11 -g3 -DDEBUG -DUSE_HAL_DRIVER -DSTM32F407xx -c -I../Core/Inc -I../Drivers/STM32F4xx_HAL_Driver/Inc -I../Drivers/STM32F4xx_HAL_Driver/Inc/Legacy -I../Drivers/CMSIS/Device/ST/STM32F4xx/Include -I../Drivers/CMSIS/Include -O0 -ffunction-sections -fdata-sections -Wall -fstack-usage -MMD -MP -MF"Drivers/STM32F4xx_HAL_Driver/Src/stm32f4xx_hal_cortex.d" -MT"Drivers/STM32F4xx_HAL_Driver/Src/stm32f4xx_hal_cortex.o" --specs=nano.specs -mfpu=fpv4-sp-d16 -mfloat-abi=hard -mthumb -o "Drivers/STM32F4xx_HAL_Driver/Src/stm32f4xx_hal_cortex.o"
arm-none-eabi-gcc "../Drivers/STM32F4xx_HAL_Driver/Src/stm32f4xx_hal_dma.c" -mcpu=cortex-m4 -std=gnu11 -g3 -DDEBUG -DUSE_HAL_DRIVER -DSTM32F407xx -c -I../Core/Inc -I../Drivers/STM32F4xx_HAL_Driver/Inc -I../Drivers/STM32F4xx_HAL_Driver/Inc/Legacy -I../Drivers/CMSIS/Device/ST/STM32F4xx/Include -I../Drivers/CMSIS/Include -O0 -ffunction-sections -fdata-sections -Wall -fstack-usage -MMD -MP -MF"Drivers/STM32F4xx_HAL_Driver/Src/stm32f4xx_hal_dma.d" -MT"Drivers/STM32F4xx_HAL_Driver/Src/stm32f4xx_hal_dma.o" --specs=nano.specs -mfpu=fpv4-sp-d16 -mfloat-abi=hard -mthumb -o "Drivers/STM32F4xx_HAL_Driver/Src/stm32f4xx_hal_dma.o"
arm-none-eabi-gcc "../Drivers/STM32F4xx_HAL_Driver/Src/stm32f4xx_hal_dma_ex.c" -mcpu=cortex-m4 -std=gnu11 -g3 -DDEBUG -DUSE_HAL_DRIVER -DSTM32F407xx -c -I../Core/Inc -I../Drivers/STM32F4xx_HAL_Driver/Inc -I../Drivers/STM32F4xx_HAL_Driver/Inc/Legacy -I../Drivers/CMSIS/Device/ST/STM32F4xx/Include -I../Drivers/CMSIS/Include -O0 -ffunction-sections -fdata-sections -Wall -fstack-usage -MMD -MP -MF"Drivers/STM32F4xx_HAL_Driver/Src/stm32f4xx_hal_dma_ex.d" -MT"Drivers/STM32F4xx_HAL_Driver/Src/stm32f4xx_hal_dma_ex.o" --specs=nano.specs -mfpu=fpv4-sp-d16 -mfloat-abi=hard -mthumb -o "Drivers/STM32F4xx_HAL_Driver/Src/stm32f4xx_hal_dma_ex.o"
arm-none-eabi-gcc "../Drivers/STM32F4xx_HAL_Driver/Src/stm32f4xx_hal_exti.c" -mcpu=cortex-m4 -std=gnu11 -g3 -DDEBUG -DUSE_HAL_DRIVER -DSTM32F407xx -c -I../Core/Inc -I../Drivers/STM32F4xx_HAL_Driver/Inc -I../Drivers/STM32F4xx_HAL_Driver/Inc/Legacy -I../Drivers/CMSIS/Device/ST/STM32F4xx/Include -I../Drivers/CMSIS/Include -O0 -ffunction-sections -fdata-sections -Wall -fstack-usage -MMD -MP -MF"Drivers/STM32F4xx_HAL_Driver/Src/stm32f4xx_hal_exti.d" -MT"Drivers/STM32F4xx_HAL_Driver/Src/stm32f4xx_hal_exti.o" --specs=nano.specs -mfpu=fpv4-sp-d16 -mfloat-abi=hard -mthumb -o "Drivers/STM32F4xx_HAL_Driver/Src/stm32f4xx_hal_exti.o"
arm-none-eabi-gcc "../Drivers/STM32F4xx_HAL_Driver/Src/stm32f4xx_hal_flash.c" -mcpu=cortex-m4 -std=gnu11 -g3 -DDEBUG -DUSE_HAL_DRIVER -DSTM32F407xx -c -I../Core/Inc -I../Drivers/STM32F4xx_HAL_Driver/Inc -I../Drivers/STM32F4xx_HAL_Driver/Inc/Legacy -I../Drivers/CMSIS/Device/ST/STM32F4xx/Include -I../Drivers/CMSIS/Include -O0 -ffunction-sections -fdata-sections -Wall -fstack-usage -MMD -MP -MF"Drivers/STM32F4xx_HAL_Driver/Src/stm32f4xx_hal_flash.d" -MT"Drivers/STM32F4xx_HAL_Driver/Src/stm32f4xx_hal_flash.o" --specs=nano.specs -mfpu=fpv4-sp-d16 -mfloat-abi=hard -mthumb -o "Drivers/STM32F4xx_HAL_Driver/Src/stm32f4xx_hal_flash.o"
arm-none-eabi-gcc "../Drivers/STM32F4xx_HAL_Driver/Src/stm32f4xx_hal_flash_ex.c" -mcpu=cortex-m4 -std=gnu11 -g3 -DDEBUG -DUSE_HAL_DRIVER -DSTM32F407xx -c -I../Core/Inc -I../Drivers/STM32F4xx_HAL_Driver/Inc -I../Drivers/STM32F4xx_HAL_Driver/Inc/Legacy -I../Drivers/CMSIS/Device/ST/STM32F4xx/Include -I../Drivers/CMSIS/Include -O0 -ffunction-sections -fdata-sections -Wall -fstack-usage -MMD -MP -MF"Drivers/STM32F4xx_HAL_Driver/Src/stm32f4xx_hal_flash_ex.d" -MT"Drivers/STM32F4xx_HAL_Driver/Src/stm32f4xx_hal_flash_ex.o" --specs=nano.specs -mfpu=fpv4-sp-d16 -mfloat-abi=hard -mthumb -o "Drivers/STM32F4xx_HAL_Driver/Src/stm32f4xx_hal_flash_ex.o"
arm-none-eabi-gcc "../Drivers/STM32F4xx_HAL_Driver/Src/stm32f4xx_hal_flash_ramfunc.c" -mcpu=cortex-m4 -std=gnu11 -g3 -DDEBUG -DUSE_HAL_DRIVER -DSTM32F407xx -c -I../Core/Inc -I../Drivers/STM32F4xx_HAL_Driver/Inc -I../Drivers/STM32F4xx_HAL_Driver/Inc/Legacy -I../Drivers/CMSIS/Device/ST/STM32F4xx/Include -I../Drivers/CMSIS/Include -O0 -ffunction-sections -fdata-sections -Wall -fstack-usage -MMD -MP -MF"Drivers/STM32F4xx_HAL_Driver/Src/stm32f4xx_hal_flash_ramfunc.d" -MT"Drivers/STM32F4xx_HAL_Driver/Src/stm32f4xx_hal_flash_ramfunc.o" --specs=nano.specs -mfpu=fpv4-sp-d16 -mfloat-abi=hard -mthumb -o "Drivers/STM32F4xx_HAL_Driver/Src/stm32f4xx_hal_flash_ramfunc.o"
arm-none-eabi-gcc "../Drivers/STM32F4xx_HAL_Driver/Src/stm32f4xx_hal_gpio.c" -mcpu=cortex-m4 -std=gnu11 -g3 -DDEBUG -DUSE_HAL_DRIVER -DSTM32F407xx -c -I../Core/Inc -I../Drivers/STM32F4xx_HAL_Driver/Inc -I../Drivers/STM32F4xx_HAL_Driver/Inc/Legacy -I../Drivers/CMSIS/Device/ST/STM32F4xx/Include -I../Drivers/CMSIS/Include -O0 -ffunction-sections -fdata-sections -Wall -fstack-usage -MMD -MP -MF"Drivers/STM32F4xx_HAL_Driver/Src/stm32f4xx_hal_gpio.d" -MT"Drivers/STM32F4xx_HAL_Driver/Src/stm32f4xx_hal_gpio.o" --specs=nano.specs -mfpu=fpv4-sp-d16 -mfloat-abi=hard -mthumb -o "Drivers/STM32F4xx_HAL_Driver/Src/stm32f4xx_hal_gpio.o"
arm-none-eabi-gcc "../Drivers/STM32F4xx_HAL_Driver/Src/stm32f4xx_hal_i2c.c" -mcpu=cortex-m4 -std=gnu11 -g3 -DDEBUG -DUSE_HAL_DRIVER -DSTM32F407xx -c -I../Core/Inc -I../Drivers/STM32F4xx_HAL_Driver/Inc -I../Drivers/STM32F4xx_HAL_Driver/Inc/Legacy -I../Drivers/CMSIS/Device/ST/STM32F4xx/Include -I../Drivers/CMSIS/Include -O0 -ffunction-sections -fdata-sections -Wall -fstack-usage -MMD -MP -MF"Drivers/STM32F4xx_HAL_Driver/Src/stm32f4xx_hal_i2c.d" -MT"Drivers/STM32F4xx_HAL_Driver/Src/stm32f4xx_hal_i2c.o" --specs=nano.specs -mfpu=fpv4-sp-d16 -mfloat-abi=hard -mthumb -o "Drivers/STM32F4xx_HAL_Driver/Src/stm32f4xx_hal_i2c.o"
arm-none-eabi-gcc "../Drivers/STM32F4xx_HAL_Driver/Src/stm32f4xx_hal_i2c_ex.c" -mcpu=cortex-m4 -std=gnu11 -g3 -DDEBUG -DUSE_HAL_DRIVER -DSTM32F407xx -c -I../Core/Inc -I../Drivers/STM32F4xx_HAL_Driver/Inc -I../Drivers/STM32F4xx_HAL_Driver/Inc/Legacy -I../Drivers/CMSIS/Device/ST/STM32F4xx/Include -I../Drivers/CMSIS/Include -O0 -ffunction-sections -fdata-sections -Wall -fstack-usage -MMD -MP -MF"Drivers/STM32F4xx_HAL_Driver/Src/stm32f4xx_hal_i2c_ex.d" -MT"Drivers/STM32F4xx_HAL_Driver/Src/stm32f4xx_hal_i2c_ex.o" --specs=nano.specs -mfpu=fpv4-sp-d16 -mfloat-abi=hard -mthumb -o "Drivers/STM32F4xx_HAL_Driver/Src/stm32f4xx_hal_i2c_ex.o"
arm-none-eabi-gcc "../Drivers/STM32F4xx_HAL_Driver/Src/stm32f4xx_hal_pwr.c" -mcpu=cortex-m4 -std=gnu11 -g3 -DDEBUG -DUSE_HAL_DRIVER -DSTM32F407xx -c -I../Core/Inc -I../Drivers/STM32F4xx_HAL_Driver/Inc -I../Drivers/STM32F4xx_HAL_Driver/Inc/Legacy -I../Drivers/CMSIS/Device/ST/STM32F4xx/Include -I../Drivers/CMSIS/Include -O0 -ffunction-sections -fdata-sections -Wall -fstack-usage -MMD -MP -MF"Drivers/STM32F4xx_HAL_Driver/Src/stm32f4xx_hal_pwr.d" -MT"Drivers/STM32F4xx_HAL_Driver/Src/stm32f4xx_hal_pwr.o" --specs=nano.specs -mfpu=fpv4-sp-d16 -mfloat-abi=hard -mthumb -o "Drivers/STM32F4xx_HAL_Driver/Src/stm32f4xx_hal_pwr.o"
arm-none-eabi-gcc "../Drivers/STM32F4xx_HAL_Driver/Src/stm32f4xx_hal_pwr_ex.c" -mcpu=cortex-m4 -std=gnu11 -g3 -DDEBUG -DUSE_HAL_DRIVER -DSTM32F407xx -c -I../Core/Inc -I../Drivers/STM32F4xx_HAL_Driver/Inc -I../Drivers/STM32F4xx_HAL_Driver/Inc/Legacy -I../Drivers/CMSIS/Device/ST/STM32F4xx/Include -I../Drivers/CMSIS/Include -O0 -ffunction-sections -fdata-sections -Wall -fstack-usage -MMD -MP -MF"Drivers/STM32F4xx_HAL_Driver/Src/stm32f4xx_hal_pwr_ex.d" -MT"Drivers/STM32F4xx_HAL_Driver/Src/stm32f4xx_hal_pwr_ex.o" --specs=nano.specs -mfpu=fpv4-sp-d16 -mfloat-abi=hard -mthumb -o "Drivers/STM32F4xx_HAL_Driver/Src/stm32f4xx_hal_pwr_ex.o"
arm-none-eabi-gcc "../Drivers/STM32F4xx_HAL_Driver/Src/stm32f4xx_hal_rcc.c" -mcpu=cortex-m4 -std=gnu11 -g3 -DDEBUG -DUSE_HAL_DRIVER -DSTM32F407xx -c -I../Core/Inc -I../Drivers/STM32F4xx_HAL_Driver/Inc -I../Drivers/STM32F4xx_HAL_Driver/Inc/Legacy -I../Drivers/CMSIS/Device/ST/STM32F4xx/Include -I../Drivers/CMSIS/Include -O0 -ffunction-sections -fdata-sections -Wall -fstack-usage -MMD -MP -MF"Drivers/STM32F4xx_HAL_Driver/Src/stm32f4xx_hal_rcc.d" -MT"Drivers/STM32F4xx_HAL_Driver/Src/stm32f4xx_hal_rcc.o" --specs=nano.specs -mfpu=fpv4-sp-d16 -mfloat-abi=hard -mthumb -o "Drivers/STM32F4xx_HAL_Driver/Src/stm32f4xx_hal_rcc.o"
arm-none-eabi-gcc "../Drivers/STM32F4xx_HAL_Driver/Src/stm32f4xx_hal_rcc_ex.c" -mcpu=cortex-m4 -std=gnu11 -g3 -DDEBUG -DUSE_HAL_DRIVER -DSTM32F407xx -c -I../Core/Inc -I../Drivers/STM32F4xx_HAL_Driver/Inc -I../Drivers/STM32F4xx_HAL_Driver/Inc/Legacy -I../Drivers/CMSIS/Device/ST/STM32F4xx/Include -I../Drivers/CMSIS/Include -O0 -ffunction-sections -fdata-sections -Wall -fstack-usage -MMD -MP -MF"Drivers/STM32F4xx_HAL_Driver/Src/stm32f4xx_hal_rcc_ex.d" -MT"Drivers/STM32F4xx_HAL_Driver/Src/stm32f4xx_hal_rcc_ex.o" --specs=nano.specs -mfpu=fpv4-sp-d16 -mfloat-abi=hard -mthumb -o "Drivers/STM32F4xx_HAL_Driver/Src/stm32f4xx_hal_rcc_ex.o"
arm-none-eabi-gcc "../Drivers/STM32F4xx_HAL_Driver/Src/stm32f4xx_hal_tim.c" -mcpu=cortex-m4 -std=gnu11 -g3 -DDEBUG -DUSE_HAL_DRIVER -DSTM32F407xx -c -I../Core/Inc -I../Drivers/STM32F4xx_HAL_Driver/Inc -I../Drivers/STM32F4xx_HAL_Driver/Inc/Legacy -I../Drivers/CMSIS/Device/ST/STM32F4xx/Include -I../Drivers/CMSIS/Include -O0 -ffunction-sections -fdata-sections -Wall -fstack-usage -MMD -MP -MF"Drivers/STM32F4xx_HAL_Driver/Src/stm32f4xx_hal_tim.d" -MT"Drivers/STM32F4xx_HAL_Driver/Src/stm32f4xx_hal_tim.o" --specs=nano.specs -mfpu=fpv4-sp-d16 -mfloat-abi=hard -mthumb -o "Drivers/STM32F4xx_HAL_Driver/Src/stm32f4xx_hal_tim.o"
arm-none-eabi-gcc "../Drivers/STM32F4xx_HAL_Driver/Src/stm32f4xx_hal_tim_ex.c" -mcpu=cortex-m4 -std=gnu11 -g3 -DDEBUG -DUSE_HAL_DRIVER -DSTM32F407xx -c -I../Core/Inc -I../Drivers/STM32F4xx_HAL_Driver/Inc -I../Drivers/STM32F4xx_HAL_Driver/Inc/Legacy -I../Drivers/CMSIS/Device/ST/STM32F4xx/Include -I../Drivers/CMSIS/Include -O0 -ffunction-sections -fdata-sections -Wall -fstack-usage -MMD -MP -MF"Drivers/STM32F4xx_HAL_Driver/Src/stm32f4xx_hal_tim_ex.d" -MT"Drivers/STM32F4xx_HAL_Driver/Src/stm32f4xx_hal_tim_ex.o" --specs=nano.specs -mfpu=fpv4-sp-d16 -mfloat-abi=hard -mthumb -o "Drivers/STM32F4xx_HAL_Driver/Src/stm32f4xx_hal_tim_ex.o"
arm-none-eabi-gcc "../Core/Src/bmp180.c" -mcpu=cortex-m4 -std=gnu11 -g3 -DDEBUG -DUSE_HAL_DRIVER -DSTM32F407xx -c -I../Core/Inc -I../Drivers/STM32F4xx_HAL_Driver/Inc -I../Drivers/STM32F4xx_HAL_Driver/Inc/Legacy -I../Drivers/CMSIS/Device/ST/STM32F4xx/Include -I../Drivers/CMSIS/Include -O0 -ffunction-sections -fdata-sections -Wall -fstack-usage -MMD -MP -MF"Core/Src/bmp180.d" -MT"Core/Src/bmp180.o" --specs=nano.specs -mfpu=fpv4-sp-d16 -mfloat-abi=hard -mthumb -o "Core/Src/bmp180.o"
arm-none-eabi-gcc "../Core/Src/main.c" -mcpu=cortex-m4 -std=gnu11 -g3 -DDEBUG -DUSE_HAL_DRIVER -DSTM32F407xx -c -I../Core/Inc -I../Drivers/STM32F4xx_HAL_Driver/Inc -I../Drivers/STM32F4xx_HAL_Driver/Inc/Legacy -I../Drivers/CMSIS/Device/ST/STM32F4xx/Include -I../Drivers/CMSIS/Include -O0 -ffunction-sections -fdata-sections -Wall -fstack-usage -MMD -MP -MF"Core/Src/main.d" -MT"Core/Src/main.o" --specs=nano.specs -mfpu=fpv4-sp-d16 -mfloat-abi=hard -mthumb -o "Core/Src/main.o"
arm-none-eabi-gcc "../Core/Src/stm32f4xx_hal_msp.c" -mcpu=cortex-m4 -std=gnu11 -g3 -DDEBUG -DUSE_HAL_DRIVER -DSTM32F407xx -c -I../Core/Inc -I../Drivers/STM32F4xx_HAL_Driver/Inc -I../Drivers/STM32F4xx_HAL_Driver/Inc/Legacy -I../Drivers/CMSIS/Device/ST/STM32F4xx/Include -I../Drivers/CMSIS/Include -O0 -ffunction-sections -fdata-sections -Wall -fstack-usage -MMD -MP -MF"Core/Src/stm32f4xx_hal_msp.d" -MT"Core/Src/stm32f4xx_hal_msp.o" --specs=nano.specs -mfpu=fpv4-sp-d16 -mfloat-abi=hard -mthumb -o "Core/Src/stm32f4xx_hal_msp.o"
arm-none-eabi-gcc "../Core/Src/stm32f4xx_it.c" -mcpu=cortex-m4 -std=gnu11 -g3 -DDEBUG -DUSE_HAL_DRIVER -DSTM32F407xx -c -I../Core/Inc -I../Drivers/STM32F4xx_HAL_Driver/Inc -I../Drivers/STM32F4xx_HAL_Driver/Inc/Legacy -I../Drivers/CMSIS/Device/ST/STM32F4xx/Include -I../Drivers/CMSIS/Include -O0 -ffunction-sections -fdata-sections -Wall -fstack-usage -MMD -MP -MF"Core/Src/stm32f4xx_it.d" -MT"Core/Src/stm32f4xx_it.o" --specs=nano.specs -mfpu=fpv4-sp-d16 -mfloat-abi=hard -mthumb -o "Core/Src/stm32f4xx_it.o"
arm-none-eabi-gcc "../Core/Src/system_stm32f4xx.c" -mcpu=cortex-m4 -std=gnu11 -g3 -DDEBUG -DUSE_HAL_DRIVER -DSTM32F407xx -c -I../Core/Inc -I../Drivers/STM32F4xx_HAL_Driver/Inc -I../Drivers/STM32F4xx_HAL_Driver/Inc/Legacy -I../Drivers/CMSIS/Device/ST/STM32F4xx/Include -I../Drivers/CMSIS/Include -O0 -ffunction-sections -fdata-sections -Wall -fstack-usage -MMD -MP -MF"Core/Src/system_stm32f4xx.d" -MT"Core/Src/system_stm32f4xx.o" --specs=nano.specs -mfpu=fpv4-sp-d16 -mfloat-abi=hard -mthumb -o "Core/Src/system_stm32f4xx.o"
In file included from ../Core/Src/main.c:24:
../Core/Src/bmp180.h:39:1: warning: data definition has no type or storage class
   39 | voidBMP180_Get_Calibration_Value();
      | ^~~~~~~~~~~~~~~~~~~~~~~~~~~~~~~~
../Core/Src/bmp180.h:39:1: warning: type defaults to 'int' in declaration of 'voidBMP180_Get_Calibration_Value' [-Wimplicit-int]
In file included from ../Core/Src/bmp180.c:8:
../Core/Src/bmp180.h:39:1: warning: data definition has no type or storage class
   39 | voidBMP180_Get_Calibration_Value();
      | ^~~~~~~~~~~~~~~~~~~~~~~~~~~~~~~~
../Core/Src/bmp180.h:39:1: warning: type defaults to 'int' in declaration of 'voidBMP180_Get_Calibration_Value' [-Wimplicit-int]
../Core/Src/bmp180.c: In function 'BMP180_Init':
../Core/Src/bmp180.c:16:2: warning: implicit declaration of function 'BMP180_Get_Calibration_Value'; did you mean 'voidBMP180_Get_Calibration_Value'? [-Wimplicit-function-declaration]
   16 |  BMP180_Get_Calibration_Value(){
      |  ^~~~~~~~~~~~~~~~~~~~~~~~~~~~
      |  voidBMP180_Get_Calibration_Value
../Core/Src/bmp180.c:16:32: error: expected ';' before '{' token
   16 |  BMP180_Get_Calibration_Value(){
      |                                ^
      |                                ;
../Core/Src/bmp180.c: At top level:
../Core/Src/bmp180.c:22:6: warning: conflicting types for 'BMP180_Get_Calibration_Value'
   22 | void BMP180_Get_Calibration_Value(){
      |      ^~~~~~~~~~~~~~~~~~~~~~~~~~~~
../Core/Src/bmp180.c:16:2: note: previous implicit declaration of 'BMP180_Get_Calibration_Value' was here
   16 |  BMP180_Get_Calibration_Value(){
      |  ^~~~~~~~~~~~~~~~~~~~~~~~~~~~
../Core/Src/bmp180.c: In function 'BMP180_Get_Calibration_Value':
../Core/Src/bmp180.c:25:1: error: expected '=', ',', ';', 'asm' or '__attribute__' before '}' token
   25 | }
      | ^
make: *** [Core/Src/subdir.mk:37: Core/Src/bmp180.o] Error 1
make: *** Waiting for unfinished jobs....
"make -j8 all" terminated with exit code 2. Build might be incomplete.
18:59:42 **** Incremental Build of configuration Debug for project bmp180_sensor_hal ****
make -j8 all 
arm-none-eabi-gcc "../Core/Src/bmp180.c" -mcpu=cortex-m4 -std=gnu11 -g3 -DDEBUG -DUSE_HAL_DRIVER -DSTM32F407xx -c -I../Core/Inc -I../Drivers/STM32F4xx_HAL_Driver/Inc -I../Drivers/STM32F4xx_HAL_Driver/Inc/Legacy -I../Drivers/CMSIS/Device/ST/STM32F4xx/Include -I../Drivers/CMSIS/Include -O0 -ffunction-sections -fdata-sections -Wall -fstack-usage -MMD -MP -MF"Core/Src/bmp180.d" -MT"Core/Src/bmp180.o" --specs=nano.specs -mfpu=fpv4-sp-d16 -mfloat-abi=hard -mthumb -o "Core/Src/bmp180.o"
In file included from ../Core/Src/bmp180.c:8:
../Core/Src/bmp180.h:39:1: warning: data definition has no type or storage class
   39 | voidBMP180_Get_Calibration_Value();
      | ^~~~~~~~~~~~~~~~~~~~~~~~~~~~~~~~
../Core/Src/bmp180.h:39:1: warning: type defaults to 'int' in declaration of 'voidBMP180_Get_Calibration_Value' [-Wimplicit-int]
../Core/Src/bmp180.c: In function 'BMP180_Init':
../Core/Src/bmp180.c:16:2: warning: implicit declaration of function 'BMP180_Get_Calibration_Value'; did you mean 'voidBMP180_Get_Calibration_Value'? [-Wimplicit-function-declaration]
   16 |  BMP180_Get_Calibration_Value(){
      |  ^~~~~~~~~~~~~~~~~~~~~~~~~~~~
      |  voidBMP180_Get_Calibration_Value
../Core/Src/bmp180.c:16:32: error: expected ';' before '{' token
   16 |  BMP180_Get_Calibration_Value(){
      |                                ^
      |                                ;
../Core/Src/bmp180.c: At top level:
../Core/Src/bmp180.c:22:6: warning: conflicting types for 'BMP180_Get_Calibration_Value'
   22 | void BMP180_Get_Calibration_Value(){
      |      ^~~~~~~~~~~~~~~~~~~~~~~~~~~~
../Core/Src/bmp180.c:16:2: note: previous implicit declaration of 'BMP180_Get_Calibration_Value' was here
   16 |  BMP180_Get_Calibration_Value(){
      |  ^~~~~~~~~~~~~~~~~~~~~~~~~~~~
../Core/Src/bmp180.c: In function 'BMP180_Get_Calibration_Value':
../Core/Src/bmp180.c:24:10: warning: unused variable 'callbuff' [-Wunused-variable]
   24 |  uint8_t callbuff[BMP180_CALIBRATION_VALUE_LENGTH] = {0};
      |          ^~~~~~~~
make: *** [Core/Src/subdir.mk:37: Core/Src/bmp180.o] Error 1
"make -j8 all" terminated with exit code 2. Build might be incomplete.
19:02:55 **** Incremental Build of configuration Debug for project bmp180_sensor_hal ****
make -j8 all 
arm-none-eabi-gcc "../Core/Src/bmp180.c" -mcpu=cortex-m4 -std=gnu11 -g3 -DDEBUG -DUSE_HAL_DRIVER -DSTM32F407xx -c -I../Core/Inc -I../Drivers/STM32F4xx_HAL_Driver/Inc -I../Drivers/STM32F4xx_HAL_Driver/Inc/Legacy -I../Drivers/CMSIS/Device/ST/STM32F4xx/Include -I../Drivers/CMSIS/Include -O0 -ffunction-sections -fdata-sections -Wall -fstack-usage -MMD -MP -MF"Core/Src/bmp180.d" -MT"Core/Src/bmp180.o" --specs=nano.specs -mfpu=fpv4-sp-d16 -mfloat-abi=hard -mthumb -o "Core/Src/bmp180.o"
arm-none-eabi-gcc "../Core/Src/main.c" -mcpu=cortex-m4 -std=gnu11 -g3 -DDEBUG -DUSE_HAL_DRIVER -DSTM32F407xx -c -I../Core/Inc -I../Drivers/STM32F4xx_HAL_Driver/Inc -I../Drivers/STM32F4xx_HAL_Driver/Inc/Legacy -I../Drivers/CMSIS/Device/ST/STM32F4xx/Include -I../Drivers/CMSIS/Include -O0 -ffunction-sections -fdata-sections -Wall -fstack-usage -MMD -MP -MF"Core/Src/main.d" -MT"Core/Src/main.o" --specs=nano.specs -mfpu=fpv4-sp-d16 -mfloat-abi=hard -mthumb -o "Core/Src/main.o"
In file included from ../Core/Src/bmp180.c:8:
../Core/Src/bmp180.h:41:1: warning: data definition has no type or storage class
   41 | voidBMP180_Get_Calibration_Value();
      | ^~~~~~~~~~~~~~~~~~~~~~~~~~~~~~~~
../Core/Src/bmp180.h:41:1: warning: type defaults to 'int' in declaration of 'voidBMP180_Get_Calibration_Value' [-Wimplicit-int]
In file included from ../Core/Src/main.c:24:
../Core/Src/bmp180.h:41:1: warning: data definition has no type or storage class
   41 | voidBMP180_Get_Calibration_Value();
      | ^~~~~~~~~~~~~~~~~~~~~~~~~~~~~~~~
../Core/Src/bmp180.h:41:1: warning: type defaults to 'int' in declaration of 'voidBMP180_Get_Calibration_Value' [-Wimplicit-int]
../Core/Src/bmp180.c: In function 'BMP180_Init':
../Core/Src/bmp180.c:16:2: warning: implicit declaration of function 'BMP180_Get_Calibration_Value'; did you mean 'voidBMP180_Get_Calibration_Value'? [-Wimplicit-function-declaration]
   16 |  BMP180_Get_Calibration_Value();
      |  ^~~~~~~~~~~~~~~~~~~~~~~~~~~~
      |  voidBMP180_Get_Calibration_Value
../Core/Src/bmp180.c: At top level:
../Core/Src/bmp180.c:22:6: warning: conflicting types for 'BMP180_Get_Calibration_Value'
   22 | void BMP180_Get_Calibration_Value(){
      |      ^~~~~~~~~~~~~~~~~~~~~~~~~~~~
../Core/Src/bmp180.c:16:2: note: previous implicit declaration of 'BMP180_Get_Calibration_Value' was here
   16 |  BMP180_Get_Calibration_Value();
      |  ^~~~~~~~~~~~~~~~~~~~~~~~~~~~
../Core/Src/bmp180.c: In function 'BMP180_Get_Calibration_Value':
../Core/Src/bmp180.c:24:10: warning: unused variable 'callbuff' [-Wunused-variable]
   24 |  uint8_t callbuff[BMP180_CALIBRATION_VALUE_LENGTH] = {0};
      |          ^~~~~~~~
arm-none-eabi-gcc -o "bmp180_sensor_hal.elf" @"objects.list"   -mcpu=cortex-m4 -T"C:\stm32f407projeler\bmp180_sensor_hal\bmp180_sensor_hal\STM32F407VGTX_FLASH.ld" --specs=nosys.specs -Wl,-Map="bmp180_sensor_hal.map" -Wl,--gc-sections -static --specs=nano.specs -mfpu=fpv4-sp-d16 -mfloat-abi=hard -mthumb -Wl,--start-group -lc -lm -Wl,--end-group
Finished building target: bmp180_sensor_hal.elf
 
arm-none-eabi-size   bmp180_sensor_hal.elf 
arm-none-eabi-objdump -h -S  bmp180_sensor_hal.elf  > "bmp180_sensor_hal.list"
arm-none-eabi-objcopy  -O binary  bmp180_sensor_hal.elf  "bmp180_sensor_hal.bin"
   text	   data	    bss	    dec	    hex	filename
   7592	     20	   1652	   9264	   2430	bmp180_sensor_hal.elf
Finished building: default.size.stdout
 
Finished building: bmp180_sensor_hal.bin
 
Finished building: bmp180_sensor_hal.list
 
19:08:36 **** Incremental Build of configuration Debug for project bmp180_sensor_hal ****
make -j8 all 
arm-none-eabi-gcc "../Core/Src/bmp180.c" -mcpu=cortex-m4 -std=gnu11 -g3 -DDEBUG -DUSE_HAL_DRIVER -DSTM32F407xx -c -I../Core/Inc -I../Drivers/STM32F4xx_HAL_Driver/Inc -I../Drivers/STM32F4xx_HAL_Driver/Inc/Legacy -I../Drivers/CMSIS/Device/ST/STM32F4xx/Include -I../Drivers/CMSIS/Include -O0 -ffunction-sections -fdata-sections -Wall -fstack-usage -MMD -MP -MF"Core/Src/bmp180.d" -MT"Core/Src/bmp180.o" --specs=nano.specs -mfpu=fpv4-sp-d16 -mfloat-abi=hard -mthumb -o "Core/Src/bmp180.o"
arm-none-eabi-gcc "../Core/Src/main.c" -mcpu=cortex-m4 -std=gnu11 -g3 -DDEBUG -DUSE_HAL_DRIVER -DSTM32F407xx -c -I../Core/Inc -I../Drivers/STM32F4xx_HAL_Driver/Inc -I../Drivers/STM32F4xx_HAL_Driver/Inc/Legacy -I../Drivers/CMSIS/Device/ST/STM32F4xx/Include -I../Drivers/CMSIS/Include -O0 -ffunction-sections -fdata-sections -Wall -fstack-usage -MMD -MP -MF"Core/Src/main.d" -MT"Core/Src/main.o" --specs=nano.specs -mfpu=fpv4-sp-d16 -mfloat-abi=hard -mthumb -o "Core/Src/main.o"
In file included from ../Core/Src/bmp180.c:8:
../Core/Src/bmp180.h:37:1: warning: data definition has no type or storage class
   37 | voidBMP180_Get_Calibration_Value();
      | ^~~~~~~~~~~~~~~~~~~~~~~~~~~~~~~~
../Core/Src/bmp180.h:37:1: warning: type defaults to 'int' in declaration of 'voidBMP180_Get_Calibration_Value' [-Wimplicit-int]
In file included from ../Core/Src/main.c:24:
../Core/Src/bmp180.h:37:1: warning: data definition has no type or storage class
   37 | voidBMP180_Get_Calibration_Value();
      | ^~~~~~~~~~~~~~~~~~~~~~~~~~~~~~~~
../Core/Src/bmp180.h:37:1: warning: type defaults to 'int' in declaration of 'voidBMP180_Get_Calibration_Value' [-Wimplicit-int]
../Core/Src/bmp180.c: In function 'BMP180_Init':
../Core/Src/bmp180.c:16:2: warning: implicit declaration of function 'BMP180_Get_Calibration_Value'; did you mean 'voidBMP180_Get_Calibration_Value'? [-Wimplicit-function-declaration]
   16 |  BMP180_Get_Calibration_Value();
      |  ^~~~~~~~~~~~~~~~~~~~~~~~~~~~
      |  voidBMP180_Get_Calibration_Value
../Core/Src/bmp180.c: At top level:
../Core/Src/bmp180.c:22:6: warning: conflicting types for 'BMP180_Get_Calibration_Value'
   22 | void BMP180_Get_Calibration_Value(){
      |      ^~~~~~~~~~~~~~~~~~~~~~~~~~~~
../Core/Src/bmp180.c:16:2: note: previous implicit declaration of 'BMP180_Get_Calibration_Value' was here
   16 |  BMP180_Get_Calibration_Value();
      |  ^~~~~~~~~~~~~~~~~~~~~~~~~~~~
../Core/Src/bmp180.c: In function 'BMP180_Get_Calibration_Value':
../Core/Src/bmp180.c:28:19: error: incompatible type for argument 1 of 'HAL_I2C_Mem_Read'
   28 |  HAL_I2C_Mem_Read(hi2c1, BMP180_DEVICE_READ_REGISTER_ADDRESS, BMP180_DEVICE_CALIBRATION_START_ADDRESS, 1, callbuff, BMP180_CALIBRATION_VALUE_LENGTH, 100000);
      |                   ^~~~~
      |                   |
      |                   I2C_HandleTypeDef {aka struct <anonymous>}
In file included from ../Core/Inc/stm32f4xx_hal_conf.h:359,
                 from ../Drivers/STM32F4xx_HAL_Driver/Inc/stm32f4xx_hal.h:30,
                 from ../Core/Src/bmp180.h:11,
                 from ../Core/Src/bmp180.c:8:
../Drivers/STM32F4xx_HAL_Driver/Inc/stm32f4xx_hal_i2c.h:572:55: note: expected 'I2C_HandleTypeDef *' {aka 'struct <anonymous> *'} but argument is of type 'I2C_HandleTypeDef' {aka 'struct <anonymous>'}
  572 | HAL_StatusTypeDef HAL_I2C_Mem_Read(I2C_HandleTypeDef *hi2c, uint16_t DevAddress, uint16_t MemAddress, uint16_t MemAddSize, uint8_t *pData, uint16_t Size, uint32_t Timeout);
      |                                    ~~~~~~~~~~~~~~~~~~~^~~~
make: *** [Core/Src/subdir.mk:37: Core/Src/bmp180.o] Error 1
make: *** Waiting for unfinished jobs....
"make -j8 all" terminated with exit code 2. Build might be incomplete.
19:08:45 **** Incremental Build of configuration Debug for project bmp180_sensor_hal ****
make -j8 all 
arm-none-eabi-gcc "../Core/Src/bmp180.c" -mcpu=cortex-m4 -std=gnu11 -g3 -DDEBUG -DUSE_HAL_DRIVER -DSTM32F407xx -c -I../Core/Inc -I../Drivers/STM32F4xx_HAL_Driver/Inc -I../Drivers/STM32F4xx_HAL_Driver/Inc/Legacy -I../Drivers/CMSIS/Device/ST/STM32F4xx/Include -I../Drivers/CMSIS/Include -O0 -ffunction-sections -fdata-sections -Wall -fstack-usage -MMD -MP -MF"Core/Src/bmp180.d" -MT"Core/Src/bmp180.o" --specs=nano.specs -mfpu=fpv4-sp-d16 -mfloat-abi=hard -mthumb -o "Core/Src/bmp180.o"
In file included from ../Core/Src/bmp180.c:8:
../Core/Src/bmp180.h:37:1: warning: data definition has no type or storage class
   37 | voidBMP180_Get_Calibration_Value();
      | ^~~~~~~~~~~~~~~~~~~~~~~~~~~~~~~~
../Core/Src/bmp180.h:37:1: warning: type defaults to 'int' in declaration of 'voidBMP180_Get_Calibration_Value' [-Wimplicit-int]
../Core/Src/bmp180.c: In function 'BMP180_Init':
../Core/Src/bmp180.c:16:2: warning: implicit declaration of function 'BMP180_Get_Calibration_Value'; did you mean 'voidBMP180_Get_Calibration_Value'? [-Wimplicit-function-declaration]
   16 |  BMP180_Get_Calibration_Value();
      |  ^~~~~~~~~~~~~~~~~~~~~~~~~~~~
      |  voidBMP180_Get_Calibration_Value
../Core/Src/bmp180.c: At top level:
../Core/Src/bmp180.c:22:6: warning: conflicting types for 'BMP180_Get_Calibration_Value'
   22 | void BMP180_Get_Calibration_Value(){
      |      ^~~~~~~~~~~~~~~~~~~~~~~~~~~~
../Core/Src/bmp180.c:16:2: note: previous implicit declaration of 'BMP180_Get_Calibration_Value' was here
   16 |  BMP180_Get_Calibration_Value();
      |  ^~~~~~~~~~~~~~~~~~~~~~~~~~~~
../Core/Src/bmp180.c: In function 'BMP180_Get_Calibration_Value':
../Core/Src/bmp180.c:28:19: error: incompatible type for argument 1 of 'HAL_I2C_Mem_Read'
   28 |  HAL_I2C_Mem_Read(hi2c1, BMP180_DEVICE_READ_REGISTER_ADDRESS, BMP180_DEVICE_CALIBRATION_START_ADDRESS, 1, callbuff, BMP180_CALIBRATION_VALUE_LENGTH, 100000);
      |                   ^~~~~
      |                   |
      |                   I2C_HandleTypeDef {aka struct <anonymous>}
In file included from ../Core/Inc/stm32f4xx_hal_conf.h:359,
                 from ../Drivers/STM32F4xx_HAL_Driver/Inc/stm32f4xx_hal.h:30,
                 from ../Core/Src/bmp180.h:11,
                 from ../Core/Src/bmp180.c:8:
../Drivers/STM32F4xx_HAL_Driver/Inc/stm32f4xx_hal_i2c.h:572:55: note: expected 'I2C_HandleTypeDef *' {aka 'struct <anonymous> *'} but argument is of type 'I2C_HandleTypeDef' {aka 'struct <anonymous>'}
  572 | HAL_StatusTypeDef HAL_I2C_Mem_Read(I2C_HandleTypeDef *hi2c, uint16_t DevAddress, uint16_t MemAddress, uint16_t MemAddSize, uint8_t *pData, uint16_t Size, uint32_t Timeout);
      |                                    ~~~~~~~~~~~~~~~~~~~^~~~
make: *** [Core/Src/subdir.mk:37: Core/Src/bmp180.o] Error 1
"make -j8 all" terminated with exit code 2. Build might be incomplete.
19:09:56 **** Incremental Build of configuration Debug for project bmp180_sensor_hal ****
make -j8 all 
arm-none-eabi-gcc "../Core/Src/bmp180.c" -mcpu=cortex-m4 -std=gnu11 -g3 -DDEBUG -DUSE_HAL_DRIVER -DSTM32F407xx -c -I../Core/Inc -I../Drivers/STM32F4xx_HAL_Driver/Inc -I../Drivers/STM32F4xx_HAL_Driver/Inc/Legacy -I../Drivers/CMSIS/Device/ST/STM32F4xx/Include -I../Drivers/CMSIS/Include -O0 -ffunction-sections -fdata-sections -Wall -fstack-usage -MMD -MP -MF"Core/Src/bmp180.d" -MT"Core/Src/bmp180.o" --specs=nano.specs -mfpu=fpv4-sp-d16 -mfloat-abi=hard -mthumb -o "Core/Src/bmp180.o"
In file included from ../Core/Src/bmp180.c:8:
../Core/Src/bmp180.h:37:1: warning: data definition has no type or storage class
   37 | voidBMP180_Get_Calibration_Value();
      | ^~~~~~~~~~~~~~~~~~~~~~~~~~~~~~~~
../Core/Src/bmp180.h:37:1: warning: type defaults to 'int' in declaration of 'voidBMP180_Get_Calibration_Value' [-Wimplicit-int]
../Core/Src/bmp180.c: In function 'BMP180_Init':
../Core/Src/bmp180.c:16:2: warning: implicit declaration of function 'BMP180_Get_Calibration_Value'; did you mean 'voidBMP180_Get_Calibration_Value'? [-Wimplicit-function-declaration]
   16 |  BMP180_Get_Calibration_Value();
      |  ^~~~~~~~~~~~~~~~~~~~~~~~~~~~
      |  voidBMP180_Get_Calibration_Value
../Core/Src/bmp180.c: At top level:
../Core/Src/bmp180.c:22:6: warning: conflicting types for 'BMP180_Get_Calibration_Value'
   22 | void BMP180_Get_Calibration_Value(){
      |      ^~~~~~~~~~~~~~~~~~~~~~~~~~~~
../Core/Src/bmp180.c:16:2: note: previous implicit declaration of 'BMP180_Get_Calibration_Value' was here
   16 |  BMP180_Get_Calibration_Value();
      |  ^~~~~~~~~~~~~~~~~~~~~~~~~~~~
arm-none-eabi-gcc -o "bmp180_sensor_hal.elf" @"objects.list"   -mcpu=cortex-m4 -T"C:\stm32f407projeler\bmp180_sensor_hal\bmp180_sensor_hal\STM32F407VGTX_FLASH.ld" --specs=nosys.specs -Wl,-Map="bmp180_sensor_hal.map" -Wl,--gc-sections -static --specs=nano.specs -mfpu=fpv4-sp-d16 -mfloat-abi=hard -mthumb -Wl,--start-group -lc -lm -Wl,--end-group
Finished building target: bmp180_sensor_hal.elf
 
arm-none-eabi-size   bmp180_sensor_hal.elf 
arm-none-eabi-objdump -h -S  bmp180_sensor_hal.elf  > "bmp180_sensor_hal.list"
arm-none-eabi-objcopy  -O binary  bmp180_sensor_hal.elf  "bmp180_sensor_hal.bin"
   text	   data	    bss	    dec	    hex	filename
  10344	     20	   1676	  12040	   2f08	bmp180_sensor_hal.elf
Finished building: default.size.stdout
 
Finished building: bmp180_sensor_hal.bin
 
Finished building: bmp180_sensor_hal.list
 
19:10:49 **** Incremental Build of configuration Debug for project bmp180_sensor_hal ****
make -j8 all 
arm-none-eabi-gcc "../Core/Src/bmp180.c" -mcpu=cortex-m4 -std=gnu11 -g3 -DDEBUG -DUSE_HAL_DRIVER -DSTM32F407xx -c -I../Core/Inc -I../Drivers/STM32F4xx_HAL_Driver/Inc -I../Drivers/STM32F4xx_HAL_Driver/Inc/Legacy -I../Drivers/CMSIS/Device/ST/STM32F4xx/Include -I../Drivers/CMSIS/Include -O0 -ffunction-sections -fdata-sections -Wall -fstack-usage -MMD -MP -MF"Core/Src/bmp180.d" -MT"Core/Src/bmp180.o" --specs=nano.specs -mfpu=fpv4-sp-d16 -mfloat-abi=hard -mthumb -o "Core/Src/bmp180.o"
In file included from ../Core/Src/bmp180.c:8:
../Core/Src/bmp180.h:37:1: warning: data definition has no type or storage class
   37 | voidBMP180_Get_Calibration_Value();
      | ^~~~~~~~~~~~~~~~~~~~~~~~~~~~~~~~
../Core/Src/bmp180.h:37:1: warning: type defaults to 'int' in declaration of 'voidBMP180_Get_Calibration_Value' [-Wimplicit-int]
../Core/Src/bmp180.c: In function 'BMP180_Init':
../Core/Src/bmp180.c:16:2: warning: implicit declaration of function 'BMP180_Get_Calibration_Value'; did you mean 'voidBMP180_Get_Calibration_Value'? [-Wimplicit-function-declaration]
   16 |  BMP180_Get_Calibration_Value();
      |  ^~~~~~~~~~~~~~~~~~~~~~~~~~~~
      |  voidBMP180_Get_Calibration_Value
../Core/Src/bmp180.c: At top level:
../Core/Src/bmp180.c:20:6: warning: conflicting types for 'BMP180_Get_Calibration_Value'
   20 | void BMP180_Get_Calibration_Value(){
      |      ^~~~~~~~~~~~~~~~~~~~~~~~~~~~
../Core/Src/bmp180.c:16:2: note: previous implicit declaration of 'BMP180_Get_Calibration_Value' was here
   16 |  BMP180_Get_Calibration_Value();
      |  ^~~~~~~~~~~~~~~~~~~~~~~~~~~~
arm-none-eabi-gcc -o "bmp180_sensor_hal.elf" @"objects.list"   -mcpu=cortex-m4 -T"C:\stm32f407projeler\bmp180_sensor_hal\bmp180_sensor_hal\STM32F407VGTX_FLASH.ld" --specs=nosys.specs -Wl,-Map="bmp180_sensor_hal.map" -Wl,--gc-sections -static --specs=nano.specs -mfpu=fpv4-sp-d16 -mfloat-abi=hard -mthumb -Wl,--start-group -lc -lm -Wl,--end-group
Finished building target: bmp180_sensor_hal.elf
 
arm-none-eabi-size   bmp180_sensor_hal.elf 
arm-none-eabi-objdump -h -S  bmp180_sensor_hal.elf  > "bmp180_sensor_hal.list"
arm-none-eabi-objcopy  -O binary  bmp180_sensor_hal.elf  "bmp180_sensor_hal.bin"
   text	   data	    bss	    dec	    hex	filename
  10344	     20	   1676	  12040	   2f08	bmp180_sensor_hal.elf
Finished building: default.size.stdout
 
Finished building: bmp180_sensor_hal.bin
 
Finished building: bmp180_sensor_hal.list
 
19:11:14 **** Incremental Build of configuration Debug for project bmp180_sensor_hal ****
make -j8 all 
arm-none-eabi-gcc "../Core/Src/bmp180.c" -mcpu=cortex-m4 -std=gnu11 -g3 -DDEBUG -DUSE_HAL_DRIVER -DSTM32F407xx -c -I../Core/Inc -I../Drivers/STM32F4xx_HAL_Driver/Inc -I../Drivers/STM32F4xx_HAL_Driver/Inc/Legacy -I../Drivers/CMSIS/Device/ST/STM32F4xx/Include -I../Drivers/CMSIS/Include -O0 -ffunction-sections -fdata-sections -Wall -fstack-usage -MMD -MP -MF"Core/Src/bmp180.d" -MT"Core/Src/bmp180.o" --specs=nano.specs -mfpu=fpv4-sp-d16 -mfloat-abi=hard -mthumb -o "Core/Src/bmp180.o"
arm-none-eabi-gcc "../Core/Src/main.c" -mcpu=cortex-m4 -std=gnu11 -g3 -DDEBUG -DUSE_HAL_DRIVER -DSTM32F407xx -c -I../Core/Inc -I../Drivers/STM32F4xx_HAL_Driver/Inc -I../Drivers/STM32F4xx_HAL_Driver/Inc/Legacy -I../Drivers/CMSIS/Device/ST/STM32F4xx/Include -I../Drivers/CMSIS/Include -O0 -ffunction-sections -fdata-sections -Wall -fstack-usage -MMD -MP -MF"Core/Src/main.d" -MT"Core/Src/main.o" --specs=nano.specs -mfpu=fpv4-sp-d16 -mfloat-abi=hard -mthumb -o "Core/Src/main.o"
arm-none-eabi-gcc -o "bmp180_sensor_hal.elf" @"objects.list"   -mcpu=cortex-m4 -T"C:\stm32f407projeler\bmp180_sensor_hal\bmp180_sensor_hal\STM32F407VGTX_FLASH.ld" --specs=nosys.specs -Wl,-Map="bmp180_sensor_hal.map" -Wl,--gc-sections -static --specs=nano.specs -mfpu=fpv4-sp-d16 -mfloat-abi=hard -mthumb -Wl,--start-group -lc -lm -Wl,--end-group
Finished building target: bmp180_sensor_hal.elf
 
arm-none-eabi-size   bmp180_sensor_hal.elf 
arm-none-eabi-objdump -h -S  bmp180_sensor_hal.elf  > "bmp180_sensor_hal.list"
arm-none-eabi-objcopy  -O binary  bmp180_sensor_hal.elf  "bmp180_sensor_hal.bin"
   text	   data	    bss	    dec	    hex	filename
  10344	     20	   1676	  12040	   2f08	bmp180_sensor_hal.elf
Finished building: default.size.stdout
 
Finished building: bmp180_sensor_hal.bin
 
Finished building: bmp180_sensor_hal.list
 
19:11:28 **** Incremental Build of configuration Debug for project bmp180_sensor_hal ****
make -j8 all 
arm-none-eabi-size   bmp180_sensor_hal.elf 
   text	   data	    bss	    dec	    hex	filename
  10344	     20	   1676	  12040	   2f08	bmp180_sensor_hal.elf
Finished building: default.size.stdout
 
19:11:52 **** Incremental Build of configuration Debug for project bmp180_sensor_hal ****
make -j8 all 
arm-none-eabi-size   bmp180_sensor_hal.elf 
   text	   data	    bss	    dec	    hex	filename
  10344	     20	   1676	  12040	   2f08	bmp180_sensor_hal.elf
Finished building: default.size.stdout
 
19:12:37 **** Incremental Build of configuration Debug for project bmp180_sensor_hal ****
make -j8 all 
arm-none-eabi-size   bmp180_sensor_hal.elf 
   text	   data	    bss	    dec	    hex	filename
  10344	     20	   1676	  12040	   2f08	bmp180_sensor_hal.elf
Finished building: default.size.stdout
 
19:15:17 **** Incremental Build of configuration Debug for project bmp180_sensor_hal ****
make -j8 all 
arm-none-eabi-size   bmp180_sensor_hal.elf 
   text	   data	    bss	    dec	    hex	filename
  10344	     20	   1676	  12040	   2f08	bmp180_sensor_hal.elf
Finished building: default.size.stdout
 
19:17:07 **** Incremental Build of configuration Debug for project bmp180_sensor_hal ****
make -j8 all 
arm-none-eabi-size   bmp180_sensor_hal.elf 
   text	   data	    bss	    dec	    hex	filename
  10344	     20	   1676	  12040	   2f08	bmp180_sensor_hal.elf
Finished building: default.size.stdout
 
19:18:10 **** Incremental Build of configuration Debug for project bmp180_sensor_hal ****
make -j8 all 
arm-none-eabi-size   bmp180_sensor_hal.elf 
   text	   data	    bss	    dec	    hex	filename
  10344	     20	   1676	  12040	   2f08	bmp180_sensor_hal.elf
Finished building: default.size.stdout
 
19:22:37 **** Incremental Build of configuration Debug for project bmp180_sensor_hal ****
make -j8 all 
arm-none-eabi-size   bmp180_sensor_hal.elf 
   text	   data	    bss	    dec	    hex	filename
  10344	     20	   1676	  12040	   2f08	bmp180_sensor_hal.elf
Finished building: default.size.stdout
 
19:23:43 **** Incremental Build of configuration Debug for project bmp180_sensor_hal ****
make -j8 all 
arm-none-eabi-gcc "../Core/Src/main.c" -mcpu=cortex-m4 -std=gnu11 -g3 -DDEBUG -DUSE_HAL_DRIVER -DSTM32F407xx -c -I../Core/Inc -I../Drivers/STM32F4xx_HAL_Driver/Inc -I../Drivers/STM32F4xx_HAL_Driver/Inc/Legacy -I../Drivers/CMSIS/Device/ST/STM32F4xx/Include -I../Drivers/CMSIS/Include -O0 -ffunction-sections -fdata-sections -Wall -fstack-usage -MMD -MP -MF"Core/Src/main.d" -MT"Core/Src/main.o" --specs=nano.specs -mfpu=fpv4-sp-d16 -mfloat-abi=hard -mthumb -o "Core/Src/main.o"
arm-none-eabi-gcc -o "bmp180_sensor_hal.elf" @"objects.list"   -mcpu=cortex-m4 -T"C:\stm32f407projeler\bmp180_sensor_hal\bmp180_sensor_hal\STM32F407VGTX_FLASH.ld" --specs=nosys.specs -Wl,-Map="bmp180_sensor_hal.map" -Wl,--gc-sections -static --specs=nano.specs -mfpu=fpv4-sp-d16 -mfloat-abi=hard -mthumb -Wl,--start-group -lc -lm -Wl,--end-group
Finished building target: bmp180_sensor_hal.elf
 
arm-none-eabi-size   bmp180_sensor_hal.elf 
arm-none-eabi-objdump -h -S  bmp180_sensor_hal.elf  > "bmp180_sensor_hal.list"
arm-none-eabi-objcopy  -O binary  bmp180_sensor_hal.elf  "bmp180_sensor_hal.bin"
   text	   data	    bss	    dec	    hex	filename
  10360	     20	   1676	  12056	   2f18	bmp180_sensor_hal.elf
Finished building: default.size.stdout
 
Finished building: bmp180_sensor_hal.bin
 
Finished building: bmp180_sensor_hal.list
 
19:23:57 **** Incremental Build of configuration Debug for project bmp180_sensor_hal ****
make -j8 all 
arm-none-eabi-size   bmp180_sensor_hal.elf 
   text	   data	    bss	    dec	    hex	filename
  10360	     20	   1676	  12056	   2f18	bmp180_sensor_hal.elf
Finished building: default.size.stdout
 
19:24:30 **** Incremental Build of configuration Debug for project bmp180_sensor_hal ****
make -j8 all 
arm-none-eabi-size   bmp180_sensor_hal.elf 
   text	   data	    bss	    dec	    hex	filename
  10360	     20	   1676	  12056	   2f18	bmp180_sensor_hal.elf
Finished building: default.size.stdout
 
19:25:54 **** Incremental Build of configuration Debug for project bmp180_sensor_hal ****
make -j8 all 
arm-none-eabi-gcc "../Drivers/STM32F4xx_HAL_Driver/Src/stm32f4xx_hal.c" -mcpu=cortex-m4 -std=gnu11 -g3 -DDEBUG -DUSE_HAL_DRIVER -DSTM32F407xx -c -I../Core/Inc -I../Drivers/STM32F4xx_HAL_Driver/Inc -I../Drivers/STM32F4xx_HAL_Driver/Inc/Legacy -I../Drivers/CMSIS/Device/ST/STM32F4xx/Include -I../Drivers/CMSIS/Include -O0 -ffunction-sections -fdata-sections -Wall -fstack-usage -MMD -MP -MF"Drivers/STM32F4xx_HAL_Driver/Src/stm32f4xx_hal.d" -MT"Drivers/STM32F4xx_HAL_Driver/Src/stm32f4xx_hal.o" --specs=nano.specs -mfpu=fpv4-sp-d16 -mfloat-abi=hard -mthumb -o "Drivers/STM32F4xx_HAL_Driver/Src/stm32f4xx_hal.o"
arm-none-eabi-gcc "../Drivers/STM32F4xx_HAL_Driver/Src/stm32f4xx_hal_cortex.c" -mcpu=cortex-m4 -std=gnu11 -g3 -DDEBUG -DUSE_HAL_DRIVER -DSTM32F407xx -c -I../Core/Inc -I../Drivers/STM32F4xx_HAL_Driver/Inc -I../Drivers/STM32F4xx_HAL_Driver/Inc/Legacy -I../Drivers/CMSIS/Device/ST/STM32F4xx/Include -I../Drivers/CMSIS/Include -O0 -ffunction-sections -fdata-sections -Wall -fstack-usage -MMD -MP -MF"Drivers/STM32F4xx_HAL_Driver/Src/stm32f4xx_hal_cortex.d" -MT"Drivers/STM32F4xx_HAL_Driver/Src/stm32f4xx_hal_cortex.o" --specs=nano.specs -mfpu=fpv4-sp-d16 -mfloat-abi=hard -mthumb -o "Drivers/STM32F4xx_HAL_Driver/Src/stm32f4xx_hal_cortex.o"
arm-none-eabi-gcc "../Drivers/STM32F4xx_HAL_Driver/Src/stm32f4xx_hal_dma.c" -mcpu=cortex-m4 -std=gnu11 -g3 -DDEBUG -DUSE_HAL_DRIVER -DSTM32F407xx -c -I../Core/Inc -I../Drivers/STM32F4xx_HAL_Driver/Inc -I../Drivers/STM32F4xx_HAL_Driver/Inc/Legacy -I../Drivers/CMSIS/Device/ST/STM32F4xx/Include -I../Drivers/CMSIS/Include -O0 -ffunction-sections -fdata-sections -Wall -fstack-usage -MMD -MP -MF"Drivers/STM32F4xx_HAL_Driver/Src/stm32f4xx_hal_dma.d" -MT"Drivers/STM32F4xx_HAL_Driver/Src/stm32f4xx_hal_dma.o" --specs=nano.specs -mfpu=fpv4-sp-d16 -mfloat-abi=hard -mthumb -o "Drivers/STM32F4xx_HAL_Driver/Src/stm32f4xx_hal_dma.o"
arm-none-eabi-gcc "../Drivers/STM32F4xx_HAL_Driver/Src/stm32f4xx_hal_dma_ex.c" -mcpu=cortex-m4 -std=gnu11 -g3 -DDEBUG -DUSE_HAL_DRIVER -DSTM32F407xx -c -I../Core/Inc -I../Drivers/STM32F4xx_HAL_Driver/Inc -I../Drivers/STM32F4xx_HAL_Driver/Inc/Legacy -I../Drivers/CMSIS/Device/ST/STM32F4xx/Include -I../Drivers/CMSIS/Include -O0 -ffunction-sections -fdata-sections -Wall -fstack-usage -MMD -MP -MF"Drivers/STM32F4xx_HAL_Driver/Src/stm32f4xx_hal_dma_ex.d" -MT"Drivers/STM32F4xx_HAL_Driver/Src/stm32f4xx_hal_dma_ex.o" --specs=nano.specs -mfpu=fpv4-sp-d16 -mfloat-abi=hard -mthumb -o "Drivers/STM32F4xx_HAL_Driver/Src/stm32f4xx_hal_dma_ex.o"
[...]
arm-none-eabi-gcc "../Core/Src/main.c" -mcpu=cortex-m4 -std=gnu11 -g3 -DDEBUG -DUSE_HAL_DRIVER -DSTM32F407xx -c -I../Core/Inc -I../Drivers/STM32F4xx_HAL_Driver/Inc -I../Drivers/STM32F4xx_HAL_Driver/Inc/Legacy -I../Drivers/CMSIS/Device/ST/STM32F4xx/Include -I../Drivers/CMSIS/Include -O0 -ffunction-sections -fdata-sections -Wall -fstack-usage -MMD -MP -MF"Core/Src/main.d" -MT"Core/Src/main.o" --specs=nano.specs -mfpu=fpv4-sp-d16 -mfloat-abi=hard -mthumb -o "Core/Src/main.o"
arm-none-eabi-gcc -o "bmp180.elf" @"objects.list"   -mcpu=cortex-m4 -T"C:\stm32f407projeler\bmp180\STM32F407VGTX_FLASH.ld" --specs=nosys.specs -Wl,-Map="bmp180.map" -Wl,--gc-sections -static --specs=nano.specs -mfpu=fpv4-sp-d16 -mfloat-abi=hard -mthumb -Wl,--start-group -lc -lm -Wl,--end-group
Finished building target: bmp180.elf
 
arm-none-eabi-size   bmp180.elf 
arm-none-eabi-objdump -h -S  bmp180.elf  > "bmp180.list"
arm-none-eabi-objcopy  -O binary  bmp180.elf  "bmp180.bin"
   text	   data	    bss	    dec	    hex	filename
  12484	     20	   1700	  14204	   377c	bmp180.elf
Finished building: default.size.stdout
 
Finished building: bmp180.bin
 
Finished building: bmp180.list
 
20:39:44 **** Incremental Build of configuration Debug for project bmp180 ****
make -j8 all 
arm-none-eabi-size   bmp180.elf 
   text	   data	    bss	    dec	    hex	filename
  12484	     20	   1700	  14204	   377c	bmp180.elf
Finished building: default.size.stdout
 
20:40:42 **** Incremental Build of configuration Debug for project bmp180 ****
make -j8 all 
arm-none-eabi-size   bmp180.elf 
   text	   data	    bss	    dec	    hex	filename
  12484	     20	   1700	  14204	   377c	bmp180.elf
Finished building: default.size.stdout
 
20:43:33 **** Incremental Build of configuration Debug for project bmp180 ****
make -j8 all 
arm-none-eabi-size   bmp180.elf 
   text	   data	    bss	    dec	    hex	filename
  12484	     20	   1700	  14204	   377c	bmp180.elf
Finished building: default.size.stdout
 
20:43:34 **** Incremental Build of configuration Debug for project bmp180 ****
make -j8 all 
arm-none-eabi-size   bmp180.elf 
   text	   data	    bss	    dec	    hex	filename
  12484	     20	   1700	  14204	   377c	bmp180.elf
Finished building: default.size.stdout
 
20:46:19 **** Incremental Build of configuration Debug for project bmp180 ****
make -j8 all 
arm-none-eabi-size   bmp180.elf 
   text	   data	    bss	    dec	    hex	filename
  12484	     20	   1700	  14204	   377c	bmp180.elf
Finished building: default.size.stdout
 
20:47:58 **** Incremental Build of configuration Debug for project bmp180 ****
make -j8 all 
arm-none-eabi-size   bmp180.elf 
   text	   data	    bss	    dec	    hex	filename
  12484	     20	   1700	  14204	   377c	bmp180.elf
Finished building: default.size.stdout
 
20:47:58 **** Incremental Build of configuration Debug for project bmp180 ****
make -j8 all 
arm-none-eabi-size   bmp180.elf 
   text	   data	    bss	    dec	    hex	filename
  12484	     20	   1700	  14204	   377c	bmp180.elf
Finished building: default.size.stdout
 
20:53:20 **** Incremental Build of configuration Debug for project bmp180 ****
make -j8 all 
arm-none-eabi-gcc "../Core/Src/bmp180.c" -mcpu=cortex-m4 -std=gnu11 -g3 -DDEBUG -DUSE_HAL_DRIVER -DSTM32F407xx -c -I../Core/Inc -I../Drivers/STM32F4xx_HAL_Driver/Inc -I../Drivers/STM32F4xx_HAL_Driver/Inc/Legacy -I../Drivers/CMSIS/Device/ST/STM32F4xx/Include -I../Drivers/CMSIS/Include -O0 -ffunction-sections -fdata-sections -Wall -fstack-usage -MMD -MP -MF"Core/Src/bmp180.d" -MT"Core/Src/bmp180.o" --specs=nano.specs -mfpu=fpv4-sp-d16 -mfloat-abi=hard -mthumb -o "Core/Src/bmp180.o"
arm-none-eabi-gcc -o "bmp180.elf" @"objects.list"   -mcpu=cortex-m4 -T"C:\stm32f407projeler\bmp180\STM32F407VGTX_FLASH.ld" --specs=nosys.specs -Wl,-Map="bmp180.map" -Wl,--gc-sections -static --specs=nano.specs -mfpu=fpv4-sp-d16 -mfloat-abi=hard -mthumb -Wl,--start-group -lc -lm -Wl,--end-group
Finished building target: bmp180.elf
 
arm-none-eabi-size   bmp180.elf 
arm-none-eabi-objdump -h -S  bmp180.elf  > "bmp180.list"
arm-none-eabi-objcopy  -O binary  bmp180.elf  "bmp180.bin"
   text	   data	    bss	    dec	    hex	filename
  10804	     20	   1700	  12524	   30ec	bmp180.elf
Finished building: default.size.stdout
 
Finished building: bmp180.bin
 
Finished building: bmp180.list
 
20:57:05 **** Incremental Build of configuration Debug for project bmp180 ****
make -j8 all 
arm-none-eabi-gcc "../Core/Src/bmp180.c" -mcpu=cortex-m4 -std=gnu11 -g3 -DDEBUG -DUSE_HAL_DRIVER -DSTM32F407xx -c -I../Core/Inc -I../Drivers/STM32F4xx_HAL_Driver/Inc -I../Drivers/STM32F4xx_HAL_Driver/Inc/Legacy -I../Drivers/CMSIS/Device/ST/STM32F4xx/Include -I../Drivers/CMSIS/Include -O0 -ffunction-sections -fdata-sections -Wall -fstack-usage -MMD -MP -MF"Core/Src/bmp180.d" -MT"Core/Src/bmp180.o" --specs=nano.specs -mfpu=fpv4-sp-d16 -mfloat-abi=hard -mthumb -o "Core/Src/bmp180.o"
arm-none-eabi-gcc "../Core/Src/main.c" -mcpu=cortex-m4 -std=gnu11 -g3 -DDEBUG -DUSE_HAL_DRIVER -DSTM32F407xx -c -I../Core/Inc -I../Drivers/STM32F4xx_HAL_Driver/Inc -I../Drivers/STM32F4xx_HAL_Driver/Inc/Legacy -I../Drivers/CMSIS/Device/ST/STM32F4xx/Include -I../Drivers/CMSIS/Include -O0 -ffunction-sections -fdata-sections -Wall -fstack-usage -MMD -MP -MF"Core/Src/main.d" -MT"Core/Src/main.o" --specs=nano.specs -mfpu=fpv4-sp-d16 -mfloat-abi=hard -mthumb -o "Core/Src/main.o"
arm-none-eabi-gcc -o "bmp180.elf" @"objects.list"   -mcpu=cortex-m4 -T"C:\stm32f407projeler\bmp180\STM32F407VGTX_FLASH.ld" --specs=nosys.specs -Wl,-Map="bmp180.map" -Wl,--gc-sections -static --specs=nano.specs -mfpu=fpv4-sp-d16 -mfloat-abi=hard -mthumb -Wl,--start-group -lc -lm -Wl,--end-group
Finished building target: bmp180.elf
 
arm-none-eabi-size   bmp180.elf 
arm-none-eabi-objdump -h -S  bmp180.elf  > "bmp180.list"
arm-none-eabi-objcopy  -O binary  bmp180.elf  "bmp180.bin"
   text	   data	    bss	    dec	    hex	filename
  10820	     20	   1700	  12540	   30fc	bmp180.elf
Finished building: default.size.stdout
 
Finished building: bmp180.bin
 
Finished building: bmp180.list
 
20:57:18 **** Incremental Build of configuration Debug for project bmp180 ****
make -j8 all 
arm-none-eabi-size   bmp180.elf 
   text	   data	    bss	    dec	    hex	filename
  10820	     20	   1700	  12540	   30fc	bmp180.elf
Finished building: default.size.stdout
 
20:58:52 **** Incremental Build of configuration Debug for project bmp180 ****
make -j8 all 
arm-none-eabi-size   bmp180.elf 
   text	   data	    bss	    dec	    hex	filename
  10820	     20	   1700	  12540	   30fc	bmp180.elf
Finished building: default.size.stdout
 
20:59:03 **** Incremental Build of configuration Debug for project bmp180 ****
make -j8 all 
arm-none-eabi-size   bmp180.elf 
   text	   data	    bss	    dec	    hex	filename
  10820	     20	   1700	  12540	   30fc	bmp180.elf
Finished building: default.size.stdout
 
22:00:04 **** Incremental Build of configuration Debug for project bmp180 ****
make -j8 all 
arm-none-eabi-gcc "../Core/Src/bmp180.c" -mcpu=cortex-m4 -std=gnu11 -g3 -DDEBUG -DUSE_HAL_DRIVER -DSTM32F407xx -c -I../Core/Inc -I../Drivers/STM32F4xx_HAL_Driver/Inc -I../Drivers/STM32F4xx_HAL_Driver/Inc/Legacy -I../Drivers/CMSIS/Device/ST/STM32F4xx/Include -I../Drivers/CMSIS/Include -O0 -ffunction-sections -fdata-sections -Wall -fstack-usage -MMD -MP -MF"Core/Src/bmp180.d" -MT"Core/Src/bmp180.o" --specs=nano.specs -mfpu=fpv4-sp-d16 -mfloat-abi=hard -mthumb -o "Core/Src/bmp180.o"
arm-none-eabi-gcc -o "bmp180.elf" @"objects.list"   -mcpu=cortex-m4 -T"C:\stm32f407projeler\bmp180\STM32F407VGTX_FLASH.ld" --specs=nosys.specs -Wl,-Map="bmp180.map" -Wl,--gc-sections -static --specs=nano.specs -mfpu=fpv4-sp-d16 -mfloat-abi=hard -mthumb -Wl,--start-group -lc -lm -Wl,--end-group
Finished building target: bmp180.elf
 
arm-none-eabi-size   bmp180.elf 
arm-none-eabi-objdump -h -S  bmp180.elf  > "bmp180.list"
arm-none-eabi-objcopy  -O binary  bmp180.elf  "bmp180.bin"
   text	   data	    bss	    dec	    hex	filename
  10820	     20	   1700	  12540	   30fc	bmp180.elf
Finished building: default.size.stdout
 
Finished building: bmp180.bin
 
Finished building: bmp180.list
 
22:05:28 **** Incremental Build of configuration Debug for project bmp180 ****
make -j8 all 
arm-none-eabi-gcc "../Core/Src/bmp180.c" -mcpu=cortex-m4 -std=gnu11 -g3 -DDEBUG -DUSE_HAL_DRIVER -DSTM32F407xx -c -I../Core/Inc -I../Drivers/STM32F4xx_HAL_Driver/Inc -I../Drivers/STM32F4xx_HAL_Driver/Inc/Legacy -I../Drivers/CMSIS/Device/ST/STM32F4xx/Include -I../Drivers/CMSIS/Include -O0 -ffunction-sections -fdata-sections -Wall -fstack-usage -MMD -MP -MF"Core/Src/bmp180.d" -MT"Core/Src/bmp180.o" --specs=nano.specs -mfpu=fpv4-sp-d16 -mfloat-abi=hard -mthumb -o "Core/Src/bmp180.o"
arm-none-eabi-gcc "../Core/Src/main.c" -mcpu=cortex-m4 -std=gnu11 -g3 -DDEBUG -DUSE_HAL_DRIVER -DSTM32F407xx -c -I../Core/Inc -I../Drivers/STM32F4xx_HAL_Driver/Inc -I../Drivers/STM32F4xx_HAL_Driver/Inc/Legacy -I../Drivers/CMSIS/Device/ST/STM32F4xx/Include -I../Drivers/CMSIS/Include -O0 -ffunction-sections -fdata-sections -Wall -fstack-usage -MMD -MP -MF"Core/Src/main.d" -MT"Core/Src/main.o" --specs=nano.specs -mfpu=fpv4-sp-d16 -mfloat-abi=hard -mthumb -o "Core/Src/main.o"
arm-none-eabi-gcc -o "bmp180.elf" @"objects.list"   -mcpu=cortex-m4 -T"C:\stm32f407projeler\bmp180\STM32F407VGTX_FLASH.ld" --specs=nosys.specs -Wl,-Map="bmp180.map" -Wl,--gc-sections -static --specs=nano.specs -mfpu=fpv4-sp-d16 -mfloat-abi=hard -mthumb -Wl,--start-group -lc -lm -Wl,--end-group
Finished building target: bmp180.elf
 
arm-none-eabi-size   bmp180.elf 
arm-none-eabi-objdump -h -S  bmp180.elf  > "bmp180.list"
arm-none-eabi-objcopy  -O binary  bmp180.elf  "bmp180.bin"
   text	   data	    bss	    dec	    hex	filename
  10820	     20	   1716	  12556	   310c	bmp180.elf
Finished building: default.size.stdout
 
Finished building: bmp180.bin
 
Finished building: bmp180.list
 
22:22:00 **** Incremental Build of configuration Debug for project bmp180 ****
make -j8 all 
arm-none-eabi-gcc "../Core/Src/bmp180.c" -mcpu=cortex-m4 -std=gnu11 -g3 -DDEBUG -DUSE_HAL_DRIVER -DSTM32F407xx -c -I../Core/Inc -I../Drivers/STM32F4xx_HAL_Driver/Inc -I../Drivers/STM32F4xx_HAL_Driver/Inc/Legacy -I../Drivers/CMSIS/Device/ST/STM32F4xx/Include -I../Drivers/CMSIS/Include -O0 -ffunction-sections -fdata-sections -Wall -fstack-usage -MMD -MP -MF"Core/Src/bmp180.d" -MT"Core/Src/bmp180.o" --specs=nano.specs -mfpu=fpv4-sp-d16 -mfloat-abi=hard -mthumb -o "Core/Src/bmp180.o"
arm-none-eabi-gcc "../Core/Src/main.c" -mcpu=cortex-m4 -std=gnu11 -g3 -DDEBUG -DUSE_HAL_DRIVER -DSTM32F407xx -c -I../Core/Inc -I../Drivers/STM32F4xx_HAL_Driver/Inc -I../Drivers/STM32F4xx_HAL_Driver/Inc/Legacy -I../Drivers/CMSIS/Device/ST/STM32F4xx/Include -I../Drivers/CMSIS/Include -O0 -ffunction-sections -fdata-sections -Wall -fstack-usage -MMD -MP -MF"Core/Src/main.d" -MT"Core/Src/main.o" --specs=nano.specs -mfpu=fpv4-sp-d16 -mfloat-abi=hard -mthumb -o "Core/Src/main.o"
../Core/Src/bmp180.c: In function 'BMP180_Get_Presure':
../Core/Src/bmp180.c:130:20: error: 'pB8' undeclared (first use in this function); did you mean 'pB7'?
  130 |   presure = (pB7 / pB8) * 2;
      |                    ^~~
      |                    pB7
../Core/Src/bmp180.c:130:20: note: each undeclared identifier is reported only once for each function it appears in
make: *** [Core/Src/subdir.mk:37: Core/Src/bmp180.o] Error 1
make: *** Waiting for unfinished jobs....
"make -j8 all" terminated with exit code 2. Build might be incomplete.
22:22:11 **** Incremental Build of configuration Debug for project bmp180 ****
make -j8 all 
arm-none-eabi-gcc "../Core/Src/bmp180.c" -mcpu=cortex-m4 -std=gnu11 -g3 -DDEBUG -DUSE_HAL_DRIVER -DSTM32F407xx -c -I../Core/Inc -I../Drivers/STM32F4xx_HAL_Driver/Inc -I../Drivers/STM32F4xx_HAL_Driver/Inc/Legacy -I../Drivers/CMSIS/Device/ST/STM32F4xx/Include -I../Drivers/CMSIS/Include -O0 -ffunction-sections -fdata-sections -Wall -fstack-usage -MMD -MP -MF"Core/Src/bmp180.d" -MT"Core/Src/bmp180.o" --specs=nano.specs -mfpu=fpv4-sp-d16 -mfloat-abi=hard -mthumb -o "Core/Src/bmp180.o"
arm-none-eabi-gcc "../Core/Src/main.c" -mcpu=cortex-m4 -std=gnu11 -g3 -DDEBUG -DUSE_HAL_DRIVER -DSTM32F407xx -c -I../Core/Inc -I../Drivers/STM32F4xx_HAL_Driver/Inc -I../Drivers/STM32F4xx_HAL_Driver/Inc/Legacy -I../Drivers/CMSIS/Device/ST/STM32F4xx/Include -I../Drivers/CMSIS/Include -O0 -ffunction-sections -fdata-sections -Wall -fstack-usage -MMD -MP -MF"Core/Src/main.d" -MT"Core/Src/main.o" --specs=nano.specs -mfpu=fpv4-sp-d16 -mfloat-abi=hard -mthumb -o "Core/Src/main.o"
arm-none-eabi-gcc -o "bmp180.elf" @"objects.list"   -mcpu=cortex-m4 -T"C:\stm32f407projeler\bmp180\STM32F407VGTX_FLASH.ld" --specs=nosys.specs -Wl,-Map="bmp180.map" -Wl,--gc-sections -static --specs=nano.specs -mfpu=fpv4-sp-d16 -mfloat-abi=hard -mthumb -Wl,--start-group -lc -lm -Wl,--end-group
Finished building target: bmp180.elf
 
arm-none-eabi-size   bmp180.elf 
arm-none-eabi-objdump -h -S  bmp180.elf  > "bmp180.list"
arm-none-eabi-objcopy  -O binary  bmp180.elf  "bmp180.bin"
   text	   data	    bss	    dec	    hex	filename
  10820	     20	   1748	  12588	   312c	bmp180.elf
Finished building: default.size.stdout
 
Finished building: bmp180.bin
 
Finished building: bmp180.list
 
22:22:31 **** Incremental Build of configuration Debug for project bmp180 ****
make -j8 all 
arm-none-eabi-gcc "../Core/Src/main.c" -mcpu=cortex-m4 -std=gnu11 -g3 -DDEBUG -DUSE_HAL_DRIVER -DSTM32F407xx -c -I../Core/Inc -I../Drivers/STM32F4xx_HAL_Driver/Inc -I../Drivers/STM32F4xx_HAL_Driver/Inc/Legacy -I../Drivers/CMSIS/Device/ST/STM32F4xx/Include -I../Drivers/CMSIS/Include -O0 -ffunction-sections -fdata-sections -Wall -fstack-usage -MMD -MP -MF"Core/Src/main.d" -MT"Core/Src/main.o" --specs=nano.specs -mfpu=fpv4-sp-d16 -mfloat-abi=hard -mthumb -o "Core/Src/main.o"
arm-none-eabi-gcc -o "bmp180.elf" @"objects.list"   -mcpu=cortex-m4 -T"C:\stm32f407projeler\bmp180\STM32F407VGTX_FLASH.ld" --specs=nosys.specs -Wl,-Map="bmp180.map" -Wl,--gc-sections -static --specs=nano.specs -mfpu=fpv4-sp-d16 -mfloat-abi=hard -mthumb -Wl,--start-group -lc -lm -Wl,--end-group
c:\st\stm32cubeide_1.8.0\stm32cubeide\plugins\com.st.stm32cube.ide.mcu.externaltools.gnu-tools-for-stm32.9-2020-q2-update.win32_2.0.0.202105311346\tools\arm-none-eabi\bin\ld.exe: ./Core/Src/bmp180.o: in function `BMP180_Get_Presure':
C:/stm32f407projeler/bmp180/Debug/../Core/Src/bmp180.c:113: undefined reference to `BMP180_Get_Uncompansated_Presure'
collect2.exe: error: ld returned 1 exit status
make: *** [makefile:64: bmp180.elf] Error 1
"make -j8 all" terminated with exit code 2. Build might be incomplete.
22:22:53 **** Incremental Build of configuration Debug for project bmp180 ****
make -j8 all 
arm-none-eabi-gcc "../Core/Src/bmp180.c" -mcpu=cortex-m4 -std=gnu11 -g3 -DDEBUG -DUSE_HAL_DRIVER -DSTM32F407xx -c -I../Core/Inc -I../Drivers/STM32F4xx_HAL_Driver/Inc -I../Drivers/STM32F4xx_HAL_Driver/Inc/Legacy -I../Drivers/CMSIS/Device/ST/STM32F4xx/Include -I../Drivers/CMSIS/Include -O0 -ffunction-sections -fdata-sections -Wall -fstack-usage -MMD -MP -MF"Core/Src/bmp180.d" -MT"Core/Src/bmp180.o" --specs=nano.specs -mfpu=fpv4-sp-d16 -mfloat-abi=hard -mthumb -o "Core/Src/bmp180.o"
../Core/Src/bmp180.c: In function 'BMP180_Get_Presure':
../Core/Src/bmp180.c:113:2: warning: implicit declaration of function 'BMP180_Get_Uncompasated_Presure'; did you mean 'BMP180_Get_Uncompansated_Presure'? [-Wimplicit-function-declaration]
  113 |  BMP180_Get_Uncompasated_Presure();
      |  ^~~~~~~~~~~~~~~~~~~~~~~~~~~~~~~
      |  BMP180_Get_Uncompansated_Presure
arm-none-eabi-gcc -o "bmp180.elf" @"objects.list"   -mcpu=cortex-m4 -T"C:\stm32f407projeler\bmp180\STM32F407VGTX_FLASH.ld" --specs=nosys.specs -Wl,-Map="bmp180.map" -Wl,--gc-sections -static --specs=nano.specs -mfpu=fpv4-sp-d16 -mfloat-abi=hard -mthumb -Wl,--start-group -lc -lm -Wl,--end-group
c:\st\stm32cubeide_1.8.0\stm32cubeide\plugins\com.st.stm32cube.ide.mcu.externaltools.gnu-tools-for-stm32.9-2020-q2-update.win32_2.0.0.202105311346\tools\arm-none-eabi\bin\ld.exe: ./Core/Src/bmp180.o: in function `BMP180_Get_Presure':
C:/stm32f407projeler/bmp180/Debug/../Core/Src/bmp180.c:113: undefined reference to `BMP180_Get_Uncompasated_Presure'
collect2.exe: error: ld returned 1 exit status
make: *** [makefile:64: bmp180.elf] Error 1
"make -j8 all" terminated with exit code 2. Build might be incomplete.
22:23:01 **** Incremental Build of configuration Debug for project bmp180 ****
make -j8 all 
arm-none-eabi-gcc "../Core/Src/bmp180.c" -mcpu=cortex-m4 -std=gnu11 -g3 -DDEBUG -DUSE_HAL_DRIVER -DSTM32F407xx -c -I../Core/Inc -I../Drivers/STM32F4xx_HAL_Driver/Inc -I../Drivers/STM32F4xx_HAL_Driver/Inc/Legacy -I../Drivers/CMSIS/Device/ST/STM32F4xx/Include -I../Drivers/CMSIS/Include -O0 -ffunction-sections -fdata-sections -Wall -fstack-usage -MMD -MP -MF"Core/Src/bmp180.d" -MT"Core/Src/bmp180.o" --specs=nano.specs -mfpu=fpv4-sp-d16 -mfloat-abi=hard -mthumb -o "Core/Src/bmp180.o"
../Core/Src/bmp180.c: In function 'BMP180_Get_Presure':
../Core/Src/bmp180.c:113:2: warning: implicit declaration of function 'BMP180_UnCompasated_Presure'; did you mean 'BMP180_Get_Uncompansated_Presure'? [-Wimplicit-function-declaration]
  113 |  BMP180_UnCompasated_Presure();
      |  ^~~~~~~~~~~~~~~~~~~~~~~~~~~
      |  BMP180_Get_Uncompansated_Presure
../Core/Src/bmp180.c: At top level:
../Core/Src/bmp180.c:144:6: warning: conflicting types for 'BMP180_UnCompasated_Presure'
  144 | void BMP180_UnCompasated_Presure(){
      |      ^~~~~~~~~~~~~~~~~~~~~~~~~~~
../Core/Src/bmp180.c:113:2: note: previous implicit declaration of 'BMP180_UnCompasated_Presure' was here
  113 |  BMP180_UnCompasated_Presure();
      |  ^~~~~~~~~~~~~~~~~~~~~~~~~~~
arm-none-eabi-gcc -o "bmp180.elf" @"objects.list"   -mcpu=cortex-m4 -T"C:\stm32f407projeler\bmp180\STM32F407VGTX_FLASH.ld" --specs=nosys.specs -Wl,-Map="bmp180.map" -Wl,--gc-sections -static --specs=nano.specs -mfpu=fpv4-sp-d16 -mfloat-abi=hard -mthumb -Wl,--start-group -lc -lm -Wl,--end-group
Finished building target: bmp180.elf
 
arm-none-eabi-size   bmp180.elf 
arm-none-eabi-objdump -h -S  bmp180.elf  > "bmp180.list"
arm-none-eabi-objcopy  -O binary  bmp180.elf  "bmp180.bin"
   text	   data	    bss	    dec	    hex	filename
  14272	     20	   1748	  16040	   3ea8	bmp180.elf
Finished building: default.size.stdout
 
Finished building: bmp180.bin
 
Finished building: bmp180.list
 
22:23:40 **** Incremental Build of configuration Debug for project bmp180 ****
make -j8 all 
arm-none-eabi-gcc "../Core/Src/bmp180.c" -mcpu=cortex-m4 -std=gnu11 -g3 -DDEBUG -DUSE_HAL_DRIVER -DSTM32F407xx -c -I../Core/Inc -I../Drivers/STM32F4xx_HAL_Driver/Inc -I../Drivers/STM32F4xx_HAL_Driver/Inc/Legacy -I../Drivers/CMSIS/Device/ST/STM32F4xx/Include -I../Drivers/CMSIS/Include -O0 -ffunction-sections -fdata-sections -Wall -fstack-usage -MMD -MP -MF"Core/Src/bmp180.d" -MT"Core/Src/bmp180.o" --specs=nano.specs -mfpu=fpv4-sp-d16 -mfloat-abi=hard -mthumb -o "Core/Src/bmp180.o"
arm-none-eabi-gcc -o "bmp180.elf" @"objects.list"   -mcpu=cortex-m4 -T"C:\stm32f407projeler\bmp180\STM32F407VGTX_FLASH.ld" --specs=nosys.specs -Wl,-Map="bmp180.map" -Wl,--gc-sections -static --specs=nano.specs -mfpu=fpv4-sp-d16 -mfloat-abi=hard -mthumb -Wl,--start-group -lc -lm -Wl,--end-group
Finished building target: bmp180.elf
 
arm-none-eabi-size   bmp180.elf 
arm-none-eabi-objdump -h -S  bmp180.elf  > "bmp180.list"
arm-none-eabi-objcopy  -O binary  bmp180.elf  "bmp180.bin"
   text	   data	    bss	    dec	    hex	filename
  14272	     20	   1748	  16040	   3ea8	bmp180.elf
Finished building: default.size.stdout
 
Finished building: bmp180.bin
 
Finished building: bmp180.list
 
