20:09:56 **** Incremental Build of configuration Debug for project adxl345_sensor_hal ****
make -j8 all 
arm-none-eabi-gcc "../Core/Src/main.c" -mcpu=cortex-m4 -std=gnu11 -g3 -DDEBUG -DUSE_HAL_DRIVER -DSTM32F407xx -c -I../Core/Inc -I../Drivers/STM32F4xx_HAL_Driver/Inc -I../Drivers/STM32F4xx_HAL_Driver/Inc/Legacy -I../Drivers/CMSIS/Device/ST/STM32F4xx/Include -I../Drivers/CMSIS/Include -O0 -ffunction-sections -fdata-sections -Wall -fstack-usage -MMD -MP -MF"Core/Src/main.d" -MT"Core/Src/main.o" --specs=nano.specs -mfpu=fpv4-sp-d16 -mfloat-abi=hard -mthumb -o "Core/Src/main.o"
arm-none-eabi-gcc -o "adxl345_sensor_hal.elf" @"objects.list"   -mcpu=cortex-m4 -T"C:\stm32f407projeler\adxl345_sensor_hal\adxl345_sensor_hal\STM32F407VGTX_FLASH.ld" --specs=nosys.specs -Wl,-Map="adxl345_sensor_hal.map" -Wl,--gc-sections -static --specs=nano.specs -mfpu=fpv4-sp-d16 -mfloat-abi=hard -mthumb -Wl,--start-group -lc -lm -Wl,--end-group
Finished building target: adxl345_sensor_hal.elf
 
arm-none-eabi-size   adxl345_sensor_hal.elf 
arm-none-eabi-objdump -h -S  adxl345_sensor_hal.elf  > "adxl345_sensor_hal.list"
arm-none-eabi-objcopy  -O binary  adxl345_sensor_hal.elf  "adxl345_sensor_hal.bin"
   text	   data	    bss	    dec	    hex	filename
  12656	     20	   1684	  14360	   3818	adxl345_sensor_hal.elf
Finished building: default.size.stdout
 
Finished building: adxl345_sensor_hal.bin
 
Finished building: adxl345_sensor_hal.list
 

20:09:57 Build Finished. 0 errors, 0 warnings. (took 699ms)

