17:24:46 **** Incremental Build of configuration Debug for project timer_ile_gated_mode ****
make -j8 all 
arm-none-eabi-gcc "../Core/Src/main.c" -mcpu=cortex-m4 -std=gnu11 -g3 -DDEBUG -DUSE_HAL_DRIVER -DSTM32F407xx -c -I../Core/Inc -I../Drivers/STM32F4xx_HAL_Driver/Inc -I../Drivers/STM32F4xx_HAL_Driver/Inc/Legacy -I../Drivers/CMSIS/Device/ST/STM32F4xx/Include -I../Drivers/CMSIS/Include -O0 -ffunction-sections -fdata-sections -Wall -fstack-usage -MMD -MP -MF"Core/Src/main.d" -MT"Core/Src/main.o" --specs=nano.specs -mfpu=fpv4-sp-d16 -mfloat-abi=hard -mthumb -o "Core/Src/main.o"
arm-none-eabi-gcc -o "timer_ile_gated_mode.elf" @"objects.list"   -mcpu=cortex-m4 -T"C:\stm32f407projeler\timer_ile_gated_mode_hal\timer_ile_gated_mode\STM32F407VGTX_FLASH.ld" --specs=nosys.specs -Wl,-Map="timer_ile_gated_mode.map" -Wl,--gc-sections -static --specs=nano.specs -mfpu=fpv4-sp-d16 -mfloat-abi=hard -mthumb -Wl,--start-group -lc -lm -Wl,--end-group
Finished building target: timer_ile_gated_mode.elf
 
arm-none-eabi-size   timer_ile_gated_mode.elf 
arm-none-eabi-objdump -h -S  timer_ile_gated_mode.elf  > "timer_ile_gated_mode.list"
arm-none-eabi-objcopy  -O binary  timer_ile_gated_mode.elf  "timer_ile_gated_mode.bin"
   text	   data	    bss	    dec	    hex	filename
   8064	     20	   1644	   9728	   2600	timer_ile_gated_mode.elf
Finished building: default.size.stdout
 
Finished building: timer_ile_gated_mode.bin
 
Finished building: timer_ile_gated_mode.list
 

17:24:47 Build Finished. 0 errors, 0 warnings. (took 704ms)

