19:52:04 **** Incremental Build of configuration Debug for project PIR_sensor ****
make -j8 all 
arm-none-eabi-gcc "../Core/Src/main.c" -mcpu=cortex-m4 -std=gnu11 -g3 -DDEBUG -DUSE_HAL_DRIVER -DSTM32F407xx -c -I../Core/Inc -I../Drivers/STM32F4xx_HAL_Driver/Inc -I../Drivers/STM32F4xx_HAL_Driver/Inc/Legacy -I../Drivers/CMSIS/Device/ST/STM32F4xx/Include -I../Drivers/CMSIS/Include -O0 -ffunction-sections -fdata-sections -Wall -fstack-usage -MMD -MP -MF"Core/Src/main.d" -MT"Core/Src/main.o" --specs=nano.specs -mfpu=fpv4-sp-d16 -mfloat-abi=hard -mthumb -o "Core/Src/main.o"
arm-none-eabi-gcc -o "PIR_sensor.elf" @"objects.list"   -mcpu=cortex-m4 -T"C:\stm32f407projeler\PIR_sensoru\PIR_sensor\STM32F407VGTX_FLASH.ld" --specs=nosys.specs -Wl,-Map="PIR_sensor.map" -Wl,--gc-sections -static --specs=nano.specs -mfpu=fpv4-sp-d16 -mfloat-abi=hard -mthumb -Wl,--start-group -lc -lm -Wl,--end-group
Finished building target: PIR_sensor.elf
 
arm-none-eabi-size   PIR_sensor.elf 
arm-none-eabi-objdump -h -S  PIR_sensor.elf  > "PIR_sensor.list"
arm-none-eabi-objcopy  -O binary  PIR_sensor.elf  "PIR_sensor.bin"
   text	   data	    bss	    dec	    hex	filename
   5880	     20	   1572	   7472	   1d30	PIR_sensor.elf
Finished building: default.size.stdout
 
Finished building: PIR_sensor.bin
Finished building: PIR_sensor.list
 
 

19:52:05 Build Finished. 0 errors, 0 warnings. (took 702ms)

